Archive member included to satisfy reference by file (symbol)

c:/program files (x86)/gnu tools arm embedded/9 2019-q4-major/bin/../lib/gcc/arm-none-eabi/9.2.1/../../../../arm-none-eabi/lib/thumb/v7e-m+fp/hard\libc_nano.a(lib_a-exit.o)
                              c:/program files (x86)/gnu tools arm embedded/9 2019-q4-major/bin/../lib/gcc/arm-none-eabi/9.2.1/../../../../arm-none-eabi/lib/thumb/v7e-m+fp/hard/crt0.o (exit)
c:/program files (x86)/gnu tools arm embedded/9 2019-q4-major/bin/../lib/gcc/arm-none-eabi/9.2.1/../../../../arm-none-eabi/lib/thumb/v7e-m+fp/hard\libc_nano.a(lib_a-impure.o)
                              c:/program files (x86)/gnu tools arm embedded/9 2019-q4-major/bin/../lib/gcc/arm-none-eabi/9.2.1/../../../../arm-none-eabi/lib/thumb/v7e-m+fp/hard\libc_nano.a(lib_a-exit.o) (_global_impure_ptr)
c:/program files (x86)/gnu tools arm embedded/9 2019-q4-major/bin/../lib/gcc/arm-none-eabi/9.2.1/../../../../arm-none-eabi/lib/thumb/v7e-m+fp/hard\libc_nano.a(lib_a-init.o)
                              c:/program files (x86)/gnu tools arm embedded/9 2019-q4-major/bin/../lib/gcc/arm-none-eabi/9.2.1/../../../../arm-none-eabi/lib/thumb/v7e-m+fp/hard/crt0.o (__libc_init_array)
c:/program files (x86)/gnu tools arm embedded/9 2019-q4-major/bin/../lib/gcc/arm-none-eabi/9.2.1/../../../../arm-none-eabi/lib/thumb/v7e-m+fp/hard\libc_nano.a(lib_a-memcpy-stub.o)
                              build/lcd.o (memcpy)
c:/program files (x86)/gnu tools arm embedded/9 2019-q4-major/bin/../lib/gcc/arm-none-eabi/9.2.1/../../../../arm-none-eabi/lib/thumb/v7e-m+fp/hard\libc_nano.a(lib_a-memset.o)
                              c:/program files (x86)/gnu tools arm embedded/9 2019-q4-major/bin/../lib/gcc/arm-none-eabi/9.2.1/../../../../arm-none-eabi/lib/thumb/v7e-m+fp/hard/crt0.o (memset)
c:/program files (x86)/gnu tools arm embedded/9 2019-q4-major/bin/../lib/gcc/arm-none-eabi/9.2.1/../../../../arm-none-eabi/lib/thumb/v7e-m+fp/hard\libc_nano.a(lib_a-sprintf.o)
                              build/lcd.o (sprintf)
c:/program files (x86)/gnu tools arm embedded/9 2019-q4-major/bin/../lib/gcc/arm-none-eabi/9.2.1/../../../../arm-none-eabi/lib/thumb/v7e-m+fp/hard\libc_nano.a(lib_a-strlen.o)
                              build/lcd.o (strlen)
c:/program files (x86)/gnu tools arm embedded/9 2019-q4-major/bin/../lib/gcc/arm-none-eabi/9.2.1/../../../../arm-none-eabi/lib/thumb/v7e-m+fp/hard\libc_nano.a(lib_a-nano-svfprintf.o)
                              c:/program files (x86)/gnu tools arm embedded/9 2019-q4-major/bin/../lib/gcc/arm-none-eabi/9.2.1/../../../../arm-none-eabi/lib/thumb/v7e-m+fp/hard\libc_nano.a(lib_a-sprintf.o) (_svfprintf_r)
c:/program files (x86)/gnu tools arm embedded/9 2019-q4-major/bin/../lib/gcc/arm-none-eabi/9.2.1/../../../../arm-none-eabi/lib/thumb/v7e-m+fp/hard\libc_nano.a(lib_a-nano-vfprintf_i.o)
                              c:/program files (x86)/gnu tools arm embedded/9 2019-q4-major/bin/../lib/gcc/arm-none-eabi/9.2.1/../../../../arm-none-eabi/lib/thumb/v7e-m+fp/hard\libc_nano.a(lib_a-nano-svfprintf.o) (_printf_i)
c:/program files (x86)/gnu tools arm embedded/9 2019-q4-major/bin/../lib/gcc/arm-none-eabi/9.2.1/../../../../arm-none-eabi/lib/thumb/v7e-m+fp/hard\libc_nano.a(lib_a-memchr.o)
                              c:/program files (x86)/gnu tools arm embedded/9 2019-q4-major/bin/../lib/gcc/arm-none-eabi/9.2.1/../../../../arm-none-eabi/lib/thumb/v7e-m+fp/hard\libc_nano.a(lib_a-nano-svfprintf.o) (memchr)
c:/program files (x86)/gnu tools arm embedded/9 2019-q4-major/bin/../lib/gcc/arm-none-eabi/9.2.1/../../../../arm-none-eabi/lib/thumb/v7e-m+fp/hard\libc_nano.a(lib_a-memmove.o)
                              c:/program files (x86)/gnu tools arm embedded/9 2019-q4-major/bin/../lib/gcc/arm-none-eabi/9.2.1/../../../../arm-none-eabi/lib/thumb/v7e-m+fp/hard\libc_nano.a(lib_a-nano-svfprintf.o) (memmove)
c:/program files (x86)/gnu tools arm embedded/9 2019-q4-major/bin/../lib/gcc/arm-none-eabi/9.2.1/../../../../arm-none-eabi/lib/thumb/v7e-m+fp/hard\libc_nano.a(lib_a-nano-freer.o)
                              c:/program files (x86)/gnu tools arm embedded/9 2019-q4-major/bin/../lib/gcc/arm-none-eabi/9.2.1/../../../../arm-none-eabi/lib/thumb/v7e-m+fp/hard\libc_nano.a(lib_a-nano-svfprintf.o) (_free_r)
c:/program files (x86)/gnu tools arm embedded/9 2019-q4-major/bin/../lib/gcc/arm-none-eabi/9.2.1/../../../../arm-none-eabi/lib/thumb/v7e-m+fp/hard\libc_nano.a(lib_a-nano-mallocr.o)
                              c:/program files (x86)/gnu tools arm embedded/9 2019-q4-major/bin/../lib/gcc/arm-none-eabi/9.2.1/../../../../arm-none-eabi/lib/thumb/v7e-m+fp/hard\libc_nano.a(lib_a-nano-svfprintf.o) (_malloc_r)
c:/program files (x86)/gnu tools arm embedded/9 2019-q4-major/bin/../lib/gcc/arm-none-eabi/9.2.1/../../../../arm-none-eabi/lib/thumb/v7e-m+fp/hard\libc_nano.a(lib_a-nano-reallocr.o)
[...]
Memory Configuration

Name             Origin             Length             Attributes
RAM              0x20000000         0x0000a000         xrw
CCMRAM           0x10000000         0x00002000         rw
FLASH            0x08000000         0x00040000         xr
*default*        0x00000000         0xffffffff

Linker script and memory map

LOAD c:/program files (x86)/gnu tools arm embedded/9 2019-q4-major/bin/../lib/gcc/arm-none-eabi/9.2.1/thumb/v7e-m+fp/hard/crti.o
LOAD c:/program files (x86)/gnu tools arm embedded/9 2019-q4-major/bin/../lib/gcc/arm-none-eabi/9.2.1/thumb/v7e-m+fp/hard/crtbegin.o
LOAD c:/program files (x86)/gnu tools arm embedded/9 2019-q4-major/bin/../lib/gcc/arm-none-eabi/9.2.1/../../../../arm-none-eabi/lib/thumb/v7e-m+fp/hard/crt0.o
LOAD build/main.o
LOAD build/gpio.o
LOAD build/dma.o
LOAD build/i2c.o
LOAD build/i2s.o
LOAD build/spi.o
LOAD build/tim.o
LOAD build/usart.o
LOAD build/usb_device.o
LOAD build/usbd_conf.o
LOAD build/usbd_desc.o
LOAD build/usbd_cdc_if.o
LOAD build/stm32f3xx_it.o
LOAD build/stm32f3xx_hal_msp.o
LOAD build/lcd.o
LOAD build/led.o
LOAD build/buzzer.o
LOAD build/stm32f3xx_hal_pcd.o
LOAD build/stm32f3xx_hal_pcd_ex.o
LOAD build/stm32f3xx_hal_i2c.o
LOAD build/stm32f3xx_hal_i2c_ex.o
LOAD build/stm32f3xx_hal_i2s.o
LOAD build/stm32f3xx_hal_i2s_ex.o
LOAD build/stm32f3xx_hal_spi.o
LOAD build/stm32f3xx_hal_spi_ex.o
LOAD build/stm32f3xx_hal_tim.o
LOAD build/stm32f3xx_hal_tim_ex.o
LOAD build/stm32f3xx_hal_uart.o
LOAD build/stm32f3xx_hal_uart_ex.o
LOAD build/stm32f3xx_hal.o
LOAD build/stm32f3xx_hal_rcc.o
LOAD build/stm32f3xx_hal_rcc_ex.o
LOAD build/stm32f3xx_hal_gpio.o
LOAD build/stm32f3xx_hal_dma.o
LOAD build/stm32f3xx_hal_cortex.o
LOAD build/stm32f3xx_hal_pwr.o
LOAD build/stm32f3xx_hal_pwr_ex.o
LOAD build/stm32f3xx_hal_flash.o
LOAD build/stm32f3xx_hal_flash_ex.o
LOAD build/system_stm32f3xx.o
LOAD build/usbd_core.o
LOAD build/usbd_ctlreq.o
LOAD build/usbd_ioreq.o
LOAD build/usbd_cdc.o
LOAD build/startup_stm32f303xc.o
LOAD c:/program files (x86)/gnu tools arm embedded/9 2019-q4-major/bin/../lib/gcc/arm-none-eabi/9.2.1/../../../../arm-none-eabi/lib/thumb/v7e-m+fp/hard\libc_nano.a
LOAD c:/program files (x86)/gnu tools arm embedded/9 2019-q4-major/bin/../lib/gcc/arm-none-eabi/9.2.1/../../../../arm-none-eabi/lib/thumb/v7e-m+fp/hard\libm.a
LOAD c:/program files (x86)/gnu tools arm embedded/9 2019-q4-major/bin/../lib/gcc/arm-none-eabi/9.2.1/../../../../arm-none-eabi/lib/thumb/v7e-m+fp/hard\libnosys.a
START GROUP
LOAD c:/program files (x86)/gnu tools arm embedded/9 2019-q4-major/bin/../lib/gcc/arm-none-eabi/9.2.1/thumb/v7e-m+fp/hard\libgcc.a
LOAD c:/program files (x86)/gnu tools arm embedded/9 2019-q4-major/bin/../lib/gcc/arm-none-eabi/9.2.1/../../../../arm-none-eabi/lib/thumb/v7e-m+fp/hard\libc_nano.a
END GROUP
START GROUP
LOAD c:/program files (x86)/gnu tools arm embedded/9 2019-q4-major/bin/../lib/gcc/arm-none-eabi/9.2.1/thumb/v7e-m+fp/hard\libgcc.a
LOAD c:/program files (x86)/gnu tools arm embedded/9 2019-q4-major/bin/../lib/gcc/arm-none-eabi/9.2.1/../../../../arm-none-eabi/lib/thumb/v7e-m+fp/hard\libc_nano.a
END GROUP
LOAD c:/program files (x86)/gnu tools arm embedded/9 2019-q4-major/bin/../lib/gcc/arm-none-eabi/9.2.1/thumb/v7e-m+fp/hard/crtend.o
LOAD c:/program files (x86)/gnu tools arm embedded/9 2019-q4-major/bin/../lib/gcc/arm-none-eabi/9.2.1/thumb/v7e-m+fp/hard/crtn.o
                0x2000a000                _estack = 0x2000a000
                0x00001000                _Min_Heap_Size = 0x1000
                0x00001000                _Min_Stack_Size = 0x1000

.isr_vector     0x08000000      0x188
                0x08000000                . = ALIGN (0x4)
 *(.isr_vector)
 .isr_vector    0x08000000      0x188 build/startup_stm32f303xc.o
                0x08000000                g_pfnVectors
                0x08000188                . = ALIGN (0x4)

.text           0x08000188     0x50bc
                0x08000188                . = ALIGN (0x4)
 *(.text)
 .text          0x08000188       0x40 c:/program files (x86)/gnu tools arm embedded/9 2019-q4-major/bin/../lib/gcc/arm-none-eabi/9.2.1/thumb/v7e-m+fp/hard/crtbegin.o
 *(.text*)
 .text.SystemClock_Config
                0x080001c8       0x7c build/main.o
                0x080001c8                SystemClock_Config
 .text.main     0x08000244       0xf0 build/main.o
                0x08000244                main
 .text.HAL_I2S_RxHalfCpltCallback
                0x08000334        0xc build/main.o
                0x08000334                HAL_I2S_RxHalfCpltCallback
 .text.HAL_I2S_RxCpltCallback
                0x08000340        0xc build/main.o
                0x08000340                HAL_I2S_RxCpltCallback
 .text.Error_Handler
                0x0800034c        0x2 build/main.o
                0x0800034c                Error_Handler
 *fill*         0x0800034e        0x2 
 .text.MX_GPIO_Init
                0x08000350      0x1e4 build/gpio.o
                0x08000350                MX_GPIO_Init
 .text.MX_DMA_Init
                0x08000534       0x44 build/dma.o
                0x08000534                MX_DMA_Init
 .text.MX_I2C1_Init
                0x08000578       0x58 build/i2c.o
                0x08000578                MX_I2C1_Init
 .text.HAL_I2C_MspInit
                0x080005d0       0x6c build/i2c.o
                0x080005d0                HAL_I2C_MspInit
 .text.MX_I2S2_Init
                0x0800063c       0x44 build/i2s.o
                0x0800063c                MX_I2S2_Init
 .text.HAL_I2S_MspInit
                0x08000680      0x124 build/i2s.o
                0x08000680                HAL_I2S_MspInit
 .text.MX_SPI1_Init
                0x080007a4       0x4c build/spi.o
                0x080007a4                MX_SPI1_Init
 .text.HAL_SPI_MspInit
                0x080007f0       0x6c build/spi.o
                0x080007f0                HAL_SPI_MspInit
 .text.MX_TIM2_Init
                0x0800085c       0x90 build/tim.o
                0x0800085c                MX_TIM2_Init
 .text.MX_TIM3_Init
                0x080008ec       0x90 build/tim.o
                0x080008ec                MX_TIM3_Init
 .text.MX_TIM4_Init
                0x0800097c       0x94 build/tim.o
                0x0800097c                MX_TIM4_Init
 .text.HAL_TIM_Base_MspInit
                0x08000a10       0xa0 build/tim.o
                0x08000a10                HAL_TIM_Base_MspInit
 .text.MX_UART4_Init
                0x08000ab0       0x38 build/usart.o
                0x08000ab0                MX_UART4_Init
 .text.MX_USART2_UART_Init
                0x08000ae8       0x38 build/usart.o
                0x08000ae8                MX_USART2_UART_Init
 .text.HAL_UART_MspInit
                0x08000b20       0xf8 build/usart.o
                0x08000b20                HAL_UART_MspInit
 .text.MX_USB_DEVICE_Init
                0x08000c18       0x54 build/usb_device.o
                0x08000c18                MX_USB_DEVICE_Init
 .text.USBD_Get_USB_Status
                0x08000c6c       0x14 build/usbd_conf.o
 .text.HAL_PCD_MspInit
                0x08000c80       0x80 build/usbd_conf.o
                0x08000c80                HAL_PCD_MspInit
 .text.HAL_PCD_SetupStageCallback
                0x08000d00       0x10 build/usbd_conf.o
                0x08000d00                HAL_PCD_SetupStageCallback
 .text.HAL_PCD_DataOutStageCallback
                0x08000d10       0x18 build/usbd_conf.o
                0x08000d10                HAL_PCD_DataOutStageCallback
 .text.HAL_PCD_DataInStageCallback
                0x08000d28       0x16 build/usbd_conf.o
                0x08000d28                HAL_PCD_DataInStageCallback
 .text.HAL_PCD_SOFCallback
                0x08000d3e        0xc build/usbd_conf.o
                0x08000d3e                HAL_PCD_SOFCallback
 .text.HAL_PCD_ResetCallback
                0x08000d4a       0x24 build/usbd_conf.o
                0x08000d4a                HAL_PCD_ResetCallback
 *fill*         0x08000d6e        0x2 
 .text.HAL_PCD_SuspendCallback
                0x08000d70       0x20 build/usbd_conf.o
                0x08000d70                HAL_PCD_SuspendCallback
 .text.HAL_PCD_ResumeCallback
                0x08000d90        0xc build/usbd_conf.o
                0x08000d90                HAL_PCD_ResumeCallback
 .text.USBD_LL_Init
                0x08000d9c       0x84 build/usbd_conf.o
                0x08000d9c                USBD_LL_Init
 .text.USBD_LL_Start
                0x08000e20       0x10 build/usbd_conf.o
                0x08000e20                USBD_LL_Start
 .text.USBD_LL_OpenEP
                0x08000e30       0x16 build/usbd_conf.o
                0x08000e30                USBD_LL_OpenEP
 .text.USBD_LL_CloseEP
                0x08000e46       0x10 build/usbd_conf.o
                0x08000e46                USBD_LL_CloseEP
 .text.USBD_LL_StallEP
                0x08000e56       0x10 build/usbd_conf.o
                0x08000e56                USBD_LL_StallEP
 .text.USBD_LL_ClearStallEP
                0x08000e66       0x10 build/usbd_conf.o
                0x08000e66                USBD_LL_ClearStallEP
 .text.USBD_LL_IsStallEP
                0x08000e76       0x2e build/usbd_conf.o
                0x08000e76                USBD_LL_IsStallEP
 .text.USBD_LL_SetUSBAddress
                0x08000ea4       0x10 build/usbd_conf.o
                0x08000ea4                USBD_LL_SetUSBAddress
 .text.USBD_LL_Transmit
                0x08000eb4       0x10 build/usbd_conf.o
                0x08000eb4                USBD_LL_Transmit
 .text.USBD_LL_PrepareReceive
                0x08000ec4       0x10 build/usbd_conf.o
                0x08000ec4                USBD_LL_PrepareReceive
 .text.USBD_LL_GetRxDataSize
                0x08000ed4        0xc build/usbd_conf.o
                0x08000ed4                USBD_LL_GetRxDataSize
 .text.USBD_static_malloc
                0x08000ee0        0x8 build/usbd_conf.o
                0x08000ee0                USBD_static_malloc
 .text.USBD_static_free
                0x08000ee8        0x2 build/usbd_conf.o
                0x08000ee8                USBD_static_free
 .text.HAL_PCDEx_SetConnectionState
                0x08000eea        0x2 build/usbd_conf.o
                0x08000eea                HAL_PCDEx_SetConnectionState
 .text.USBD_FS_DeviceDescriptor
                0x08000eec        0xc build/usbd_desc.o
                0x08000eec                USBD_FS_DeviceDescriptor
 .text.USBD_FS_LangIDStrDescriptor
                0x08000ef8        0xc build/usbd_desc.o
                0x08000ef8                USBD_FS_LangIDStrDescriptor
 .text.IntToUnicode
                0x08000f04       0x38 build/usbd_desc.o
 .text.Get_SerialNum
                0x08000f3c       0x34 build/usbd_desc.o
 .text.USBD_FS_SerialStrDescriptor
                0x08000f70       0x14 build/usbd_desc.o
                0x08000f70                USBD_FS_SerialStrDescriptor
 .text.USBD_FS_ProductStrDescriptor
                0x08000f84       0x24 build/usbd_desc.o
                0x08000f84                USBD_FS_ProductStrDescriptor
 .text.USBD_FS_ManufacturerStrDescriptor
                0x08000fa8       0x1c build/usbd_desc.o
                0x08000fa8                USBD_FS_ManufacturerStrDescriptor
 .text.USBD_FS_ConfigStrDescriptor
                0x08000fc4       0x24 build/usbd_desc.o
                0x08000fc4                USBD_FS_ConfigStrDescriptor
 .text.USBD_FS_InterfaceStrDescriptor
                0x08000fe8       0x24 build/usbd_desc.o
                0x08000fe8                USBD_FS_InterfaceStrDescriptor
 .text.CDC_DeInit_FS
                0x0800100c        0x4 build/usbd_cdc_if.o
 .text.CDC_Control_FS
                0x08001010        0x4 build/usbd_cdc_if.o
 .text.CDC_Receive_FS
                0x08001014       0x1c build/usbd_cdc_if.o
 .text.CDC_Init_FS
                0x08001030       0x28 build/usbd_cdc_if.o
 .text.CDC_Transmit_FS
                0x08001058       0x2c build/usbd_cdc_if.o
                0x08001058                CDC_Transmit_FS
 .text.NMI_Handler
                0x08001084        0x2 build/stm32f3xx_it.o
                0x08001084                NMI_Handler
 .text.HardFault_Handler
                0x08001086        0x2 build/stm32f3xx_it.o
                0x08001086                HardFault_Handler
 .text.MemManage_Handler
                0x08001088        0x2 build/stm32f3xx_it.o
                0x08001088                MemManage_Handler
 .text.BusFault_Handler
                0x0800108a        0x2 build/stm32f3xx_it.o
                0x0800108a                BusFault_Handler
 .text.UsageFault_Handler
                0x0800108c        0x2 build/stm32f3xx_it.o
                0x0800108c                UsageFault_Handler
 .text.SVC_Handler
                0x0800108e        0x2 build/stm32f3xx_it.o
                0x0800108e                SVC_Handler
 .text.DebugMon_Handler
                0x08001090        0x2 build/stm32f3xx_it.o
                0x08001090                DebugMon_Handler
 .text.PendSV_Handler
                0x08001092        0x2 build/stm32f3xx_it.o
                0x08001092                PendSV_Handler
 .text.SysTick_Handler
                0x08001094        0x8 build/stm32f3xx_it.o
                0x08001094                SysTick_Handler
 .text.DMA1_Channel4_IRQHandler
                0x0800109c       0x10 build/stm32f3xx_it.o
                0x0800109c                DMA1_Channel4_IRQHandler
 .text.DMA1_Channel5_IRQHandler
                0x080010ac       0x10 build/stm32f3xx_it.o
                0x080010ac                DMA1_Channel5_IRQHandler
 .text.USB_HP_CAN_TX_IRQHandler
                0x080010bc       0x10 build/stm32f3xx_it.o
                0x080010bc                USB_HP_CAN_TX_IRQHandler
 .text.USB_LP_CAN_RX0_IRQHandler
                0x080010cc       0x10 build/stm32f3xx_it.o
                0x080010cc                USB_LP_CAN_RX0_IRQHandler
 .text.TIM2_IRQHandler
                0x080010dc       0x44 build/stm32f3xx_it.o
                0x080010dc                TIM2_IRQHandler
 .text.TIM3_IRQHandler
                0x08001120       0x1c build/stm32f3xx_it.o
                0x08001120                TIM3_IRQHandler
 .text.TIM4_IRQHandler
                0x0800113c       0x58 build/stm32f3xx_it.o
                0x0800113c                TIM4_IRQHandler
 .text.SPI2_IRQHandler
                0x08001194       0x10 build/stm32f3xx_it.o
                0x08001194                SPI2_IRQHandler
 .text.USART2_IRQHandler
                0x080011a4       0x10 build/stm32f3xx_it.o
                0x080011a4                USART2_IRQHandler
 .text.HAL_MspInit
                0x080011b4       0x3c build/stm32f3xx_hal_msp.o
                0x080011b4                HAL_MspInit
 .text.BlinkLED
                0x080011f0       0x44 build/led.o
                0x080011f0                BlinkLED
 .text.HAL_PCD_Init
                0x08001234       0xa8 build/stm32f3xx_hal_pcd.o
                0x08001234                HAL_PCD_Init
 .text.HAL_PCD_Start
                0x080012dc        0xc build/stm32f3xx_hal_pcd.o
                0x080012dc                HAL_PCD_Start
 .text.HAL_PCD_SetAddress
                0x080012e8       0x2c build/stm32f3xx_hal_pcd.o
                0x080012e8                HAL_PCD_SetAddress
 .text.HAL_PCD_EP_Open
                0x08001314      0x3b0 build/stm32f3xx_hal_pcd.o
                0x08001314                HAL_PCD_EP_Open
 .text.HAL_PCD_EP_Close
                0x080016c4      0x22a build/stm32f3xx_hal_pcd.o
                0x080016c4                HAL_PCD_EP_Close
 .text.HAL_PCD_EP_Receive
                0x080018ee      0x16a build/stm32f3xx_hal_pcd.o
                0x080018ee                HAL_PCD_EP_Receive
 .text.HAL_PCD_EP_GetRxCount
                0x08001a58       0x12 build/stm32f3xx_hal_pcd.o
                0x08001a58                HAL_PCD_EP_GetRxCount
 .text.HAL_PCD_EP_Transmit
                0x08001a6a      0x13e build/stm32f3xx_hal_pcd.o
                0x08001a6a                HAL_PCD_EP_Transmit
 .text.PCD_EP_ISR_Handler
                0x08001ba8      0x4a6 build/stm32f3xx_hal_pcd.o
 .text.HAL_PCD_IRQHandler
                0x0800204e      0x11c build/stm32f3xx_hal_pcd.o
                0x0800204e                HAL_PCD_IRQHandler
 .text.HAL_PCD_EP_SetStall
                0x0800216a       0xc0 build/stm32f3xx_hal_pcd.o
                0x0800216a                HAL_PCD_EP_SetStall
 .text.HAL_PCD_EP_ClrStall
                0x0800222a       0xea build/stm32f3xx_hal_pcd.o
                0x0800222a                HAL_PCD_EP_ClrStall
 .text.HAL_PCDEx_PMAConfig
                0x08002314       0x3a build/stm32f3xx_hal_pcd_ex.o
                0x08002314                HAL_PCDEx_PMAConfig
 .text.PCD_WritePMA
                0x0800234e       0x28 build/stm32f3xx_hal_pcd_ex.o
                0x0800234e                PCD_WritePMA
 .text.PCD_ReadPMA
                0x08002376       0x30 build/stm32f3xx_hal_pcd_ex.o
                0x08002376                PCD_ReadPMA
 .text.HAL_I2C_Init
                0x080023a6       0xbc build/stm32f3xx_hal_i2c.o
                0x080023a6                HAL_I2C_Init
 .text.HAL_I2CEx_ConfigAnalogFilter
                0x08002462       0x5c build/stm32f3xx_hal_i2c_ex.o
                0x08002462                HAL_I2CEx_ConfigAnalogFilter
 .text.HAL_I2CEx_ConfigDigitalFilter
                0x080024be       0x58 build/stm32f3xx_hal_i2c_ex.o
                0x080024be                HAL_I2CEx_ConfigDigitalFilter
 *fill*         0x08002516        0x2 
 .text.HAL_I2S_Receive_DMA
                0x08002518       0xd8 build/stm32f3xx_hal_i2s.o
                0x08002518                HAL_I2S_Receive_DMA
 .text.HAL_I2S_TxCpltCallback
                0x080025f0        0x2 build/stm32f3xx_hal_i2s.o
                0x080025f0                HAL_I2S_TxCpltCallback
 .text.I2S_Transmit_IT
                0x080025f2       0x3a build/stm32f3xx_hal_i2s.o
 .text.I2S_DMARxHalfCplt
                0x0800262c        0xa build/stm32f3xx_hal_i2s.o
 .text.I2S_DMARxCplt
                0x08002636       0x2a build/stm32f3xx_hal_i2s.o
 .text.I2S_Receive_IT
                0x08002660       0x3a build/stm32f3xx_hal_i2s.o
 .text.HAL_I2S_ErrorCallback
                0x0800269a        0x2 build/stm32f3xx_hal_i2s.o
                0x0800269a                HAL_I2S_ErrorCallback
 .text.I2S_DMAError
                0x0800269c       0x28 build/stm32f3xx_hal_i2s.o
 .text.HAL_I2S_IRQHandler
                0x080026c4       0xb8 build/stm32f3xx_hal_i2s.o
                0x080026c4                HAL_I2S_IRQHandler
 .text.HAL_I2S_Init
                0x0800277c      0x1a0 build/stm32f3xx_hal_i2s_ex.o
                0x0800277c                HAL_I2S_Init
 .text.HAL_SPI_Init
                0x0800291c       0xba build/stm32f3xx_hal_spi.o
                0x0800291c                HAL_SPI_Init
 .text.TIM_TI1_ConfigInputStage
                0x080029d6       0x24 build/stm32f3xx_hal_tim.o
 .text.TIM_TI2_ConfigInputStage
                0x080029fa       0x26 build/stm32f3xx_hal_tim.o
 .text.TIM_ITRx_SetConfig
                0x08002a20       0x10 build/stm32f3xx_hal_tim.o
 .text.HAL_TIM_Base_Start_IT
                0x08002a30       0x18 build/stm32f3xx_hal_tim.o
                0x08002a30                HAL_TIM_Base_Start_IT
 .text.HAL_TIM_Base_Stop_IT
                0x08002a48       0x2c build/stm32f3xx_hal_tim.o
                0x08002a48                HAL_TIM_Base_Stop_IT
 .text.HAL_TIM_PeriodElapsedCallback
                0x08002a74        0x2 build/stm32f3xx_hal_tim.o
                0x08002a74                HAL_TIM_PeriodElapsedCallback
 .text.HAL_TIM_OC_DelayElapsedCallback
                0x08002a76        0x2 build/stm32f3xx_hal_tim.o
                0x08002a76                HAL_TIM_OC_DelayElapsedCallback
 .text.HAL_TIM_IC_CaptureCallback
                0x08002a78        0x2 build/stm32f3xx_hal_tim.o
                0x08002a78                HAL_TIM_IC_CaptureCallback
 .text.HAL_TIM_PWM_PulseFinishedCallback
                0x08002a7a        0x2 build/stm32f3xx_hal_tim.o
                0x08002a7a                HAL_TIM_PWM_PulseFinishedCallback
 .text.HAL_TIM_TriggerCallback
                0x08002a7c        0x2 build/stm32f3xx_hal_tim.o
                0x08002a7c                HAL_TIM_TriggerCallback
 .text.HAL_TIM_IRQHandler
                0x08002a7e      0x19a build/stm32f3xx_hal_tim.o
                0x08002a7e                HAL_TIM_IRQHandler
 .text.TIM_Base_SetConfig
                0x08002c18       0xb8 build/stm32f3xx_hal_tim.o
                0x08002c18                TIM_Base_SetConfig
 .text.HAL_TIM_Base_Init
                0x08002cd0       0x34 build/stm32f3xx_hal_tim.o
                0x08002cd0                HAL_TIM_Base_Init
 .text.TIM_ETR_SetConfig
                0x08002d04       0x18 build/stm32f3xx_hal_tim.o
                0x08002d04                TIM_ETR_SetConfig
 .text.HAL_TIM_ConfigClockSource
                0x08002d1c      0x118 build/stm32f3xx_hal_tim.o
                0x08002d1c                HAL_TIM_ConfigClockSource
 .text.TIM_SlaveTimer_SetConfig
                0x08002e34       0x78 build/stm32f3xx_hal_tim.o
 .text.HAL_TIM_SlaveConfigSynchronization
                0x08002eac       0x40 build/stm32f3xx_hal_tim.o
                0x08002eac                HAL_TIM_SlaveConfigSynchronization
 .text.HAL_TIMEx_MasterConfigSynchronization
                0x08002eec       0x58 build/stm32f3xx_hal_tim_ex.o
                0x08002eec                HAL_TIMEx_MasterConfigSynchronization
 .text.HAL_TIMEx_CommutationCallback
                0x08002f44        0x2 build/stm32f3xx_hal_tim_ex.o
                0x08002f44                HAL_TIMEx_CommutationCallback
 .text.HAL_TIMEx_BreakCallback
                0x08002f46        0x2 build/stm32f3xx_hal_tim_ex.o
                0x08002f46                HAL_TIMEx_BreakCallback
 .text.HAL_TIMEx_Break2Callback
                0x08002f48        0x2 build/stm32f3xx_hal_tim_ex.o
                0x08002f48                HAL_TIMEx_Break2Callback
 .text.UART_EndRxTransfer
                0x08002f4a       0x1c build/stm32f3xx_hal_uart.o
 .text.HAL_UART_TxCpltCallback
                0x08002f66        0x2 build/stm32f3xx_hal_uart.o
                0x08002f66                HAL_UART_TxCpltCallback
 .text.HAL_UART_RxCpltCallback
                0x08002f68        0x2 build/stm32f3xx_hal_uart.o
                0x08002f68                HAL_UART_RxCpltCallback
 .text.HAL_UART_ErrorCallback
                0x08002f6a        0x2 build/stm32f3xx_hal_uart.o
                0x08002f6a                HAL_UART_ErrorCallback
 .text.UART_DMAAbortOnError
                0x08002f6c       0x14 build/stm32f3xx_hal_uart.o
 .text.UART_SetConfig
                0x08002f80      0x2b0 build/stm32f3xx_hal_uart.o
                0x08002f80                UART_SetConfig
 .text.UART_AdvFeatureConfig
                0x08003230       0xca build/stm32f3xx_hal_uart.o
                0x08003230                UART_AdvFeatureConfig
 .text.UART_WaitOnFlagUntilTimeout
                0x080032fa       0x68 build/stm32f3xx_hal_uart.o
                0x080032fa                UART_WaitOnFlagUntilTimeout
 .text.UART_CheckIdleState
                0x08003362       0x70 build/stm32f3xx_hal_uart.o
                0x08003362                UART_CheckIdleState
 .text.HAL_UART_Init
                0x080033d2       0x66 build/stm32f3xx_hal_uart.o
                0x080033d2                HAL_UART_Init
 .text.UART_Transmit_IT
                0x08003438       0x6e build/stm32f3xx_hal_uart.o
                0x08003438                UART_Transmit_IT
 .text.UART_EndTransmit_IT
                0x080034a6       0x1a build/stm32f3xx_hal_uart.o
                0x080034a6                UART_EndTransmit_IT
 .text.UART_Receive_IT
                0x080034c0       0x82 build/stm32f3xx_hal_uart.o
                0x080034c0                UART_Receive_IT
 *fill*         0x08003542        0x2 
 .text.HAL_UART_IRQHandler
                0x08003544      0x15c build/stm32f3xx_hal_uart.o
                0x08003544                HAL_UART_IRQHandler
 .text.HAL_UARTEx_WakeupCallback
                0x080036a0        0x2 build/stm32f3xx_hal_uart_ex.o
                0x080036a0                HAL_UARTEx_WakeupCallback
 *fill*         0x080036a2        0x2 
 .text.HAL_InitTick
                0x080036a4       0x4c build/stm32f3xx_hal.o
                0x080036a4                HAL_InitTick
 .text.HAL_Init
                0x080036f0       0x24 build/stm32f3xx_hal.o
                0x080036f0                HAL_Init
 .text.HAL_IncTick
                0x08003714       0x18 build/stm32f3xx_hal.o
                0x08003714                HAL_IncTick
 .text.HAL_GetTick
                0x0800372c        0xc build/stm32f3xx_hal.o
                0x0800372c                HAL_GetTick
 .text.HAL_RCC_OscConfig
                0x08003738      0x608 build/stm32f3xx_hal_rcc.o
                0x08003738                HAL_RCC_OscConfig
 .text.HAL_RCC_GetSysClockFreq
                0x08003d40       0x70 build/stm32f3xx_hal_rcc.o
                0x08003d40                HAL_RCC_GetSysClockFreq
 .text.HAL_RCC_ClockConfig
                0x08003db0      0x1a0 build/stm32f3xx_hal_rcc.o
                0x08003db0                HAL_RCC_ClockConfig
 .text.HAL_RCC_GetHCLKFreq
                0x08003f50        0xc build/stm32f3xx_hal_rcc.o
                0x08003f50                HAL_RCC_GetHCLKFreq
 .text.HAL_RCC_GetPCLK1Freq
                0x08003f5c       0x2c build/stm32f3xx_hal_rcc.o
                0x08003f5c                HAL_RCC_GetPCLK1Freq
 .text.HAL_RCC_GetPCLK2Freq
                0x08003f88       0x2c build/stm32f3xx_hal_rcc.o
                0x08003f88                HAL_RCC_GetPCLK2Freq
 .text.HAL_RCCEx_PeriphCLKConfig
                0x08003fb4      0x260 build/stm32f3xx_hal_rcc_ex.o
                0x08003fb4                HAL_RCCEx_PeriphCLKConfig
 .text.HAL_GPIO_Init
                0x08004214      0x194 build/stm32f3xx_hal_gpio.o
                0x08004214                HAL_GPIO_Init
 .text.HAL_GPIO_ReadPin
                0x080043a8        0xe build/stm32f3xx_hal_gpio.o
                0x080043a8                HAL_GPIO_ReadPin
 .text.HAL_GPIO_WritePin
                0x080043b6        0xa build/stm32f3xx_hal_gpio.o
                0x080043b6                HAL_GPIO_WritePin
 .text.HAL_GPIO_TogglePin
                0x080043c0        0x8 build/stm32f3xx_hal_gpio.o
                0x080043c0                HAL_GPIO_TogglePin
 .text.DMA_SetConfig
                0x080043c8       0x2c build/stm32f3xx_hal_dma.o
 .text.DMA_CalcBaseAndBitshift
                0x080043f4       0x4c build/stm32f3xx_hal_dma.o
 .text.HAL_DMA_Init
                0x08004440       0x50 build/stm32f3xx_hal_dma.o
                0x08004440                HAL_DMA_Init
 .text.HAL_DMA_Start_IT
                0x08004490       0x74 build/stm32f3xx_hal_dma.o
                0x08004490                HAL_DMA_Start_IT
 .text.HAL_DMA_Abort_IT
                0x08004504       0x4a build/stm32f3xx_hal_dma.o
                0x08004504                HAL_DMA_Abort_IT
 .text.HAL_DMA_IRQHandler
                0x0800454e       0xb4 build/stm32f3xx_hal_dma.o
                0x0800454e                HAL_DMA_IRQHandler
 *fill*         0x08004602        0x2 
 .text.HAL_NVIC_SetPriorityGrouping
                0x08004604       0x24 build/stm32f3xx_hal_cortex.o
                0x08004604                HAL_NVIC_SetPriorityGrouping
 .text.HAL_NVIC_SetPriority
                0x08004628       0x68 build/stm32f3xx_hal_cortex.o
                0x08004628                HAL_NVIC_SetPriority
 .text.HAL_NVIC_EnableIRQ
                0x08004690       0x18 build/stm32f3xx_hal_cortex.o
                0x08004690                HAL_NVIC_EnableIRQ
 .text.HAL_SYSTICK_Config
                0x080046a8       0x2c build/stm32f3xx_hal_cortex.o
                0x080046a8                HAL_SYSTICK_Config
 .text.SystemInit
                0x080046d4       0x68 build/system_stm32f3xx.o
                0x080046d4                SystemInit
 .text.USBD_Init
                0x0800473c       0x2e build/usbd_core.o
                0x0800473c                USBD_Init
 .text.USBD_RegisterClass
                0x0800476a        0xe build/usbd_core.o
                0x0800476a                USBD_RegisterClass
 .text.USBD_Start
                0x08004778        0xa build/usbd_core.o
                0x08004778                USBD_Start
 .text.USBD_SetClassConfig
                0x08004782       0x18 build/usbd_core.o
                0x08004782                USBD_SetClassConfig
 .text.USBD_ClrClassConfig
                0x0800479a        0xe build/usbd_core.o
                0x0800479a                USBD_ClrClassConfig
 .text.USBD_LL_SetupStage
                0x080047a8       0x5a build/usbd_core.o
                0x080047a8                USBD_LL_SetupStage
 .text.USBD_LL_DataOutStage
                0x08004802       0x6c build/usbd_core.o
                0x08004802                USBD_LL_DataOutStage
 .text.USBD_LL_DataInStage
                0x0800486e       0xb2 build/usbd_core.o
                0x0800486e                USBD_LL_DataInStage
 .text.USBD_LL_Reset
                0x08004920       0x3e build/usbd_core.o
                0x08004920                USBD_LL_Reset
 .text.USBD_LL_SetSpeed
                0x0800495e        0x6 build/usbd_core.o
                0x0800495e                USBD_LL_SetSpeed
 .text.USBD_LL_Suspend
                0x08004964       0x12 build/usbd_core.o
                0x08004964                USBD_LL_Suspend
 .text.USBD_LL_Resume
                0x08004976        0xc build/usbd_core.o
                0x08004976                USBD_LL_Resume
 .text.USBD_LL_SOF
                0x08004982       0x1c build/usbd_core.o
                0x08004982                USBD_LL_SOF
 .text.USBD_GetLen
                0x0800499e       0x12 build/usbd_ctlreq.o
 .text.USBD_SetFeature
                0x080049b0       0x20 build/usbd_ctlreq.o
 .text.USBD_ParseSetupRequest
                0x080049d0       0x28 build/usbd_ctlreq.o
                0x080049d0                USBD_ParseSetupRequest
 .text.USBD_CtlError
                0x080049f8       0x14 build/usbd_ctlreq.o
                0x080049f8                USBD_CtlError
 .text.USBD_GetDescriptor
                0x08004a0c      0x132 build/usbd_ctlreq.o
 .text.USBD_SetAddress
                0x08004b3e       0x4a build/usbd_ctlreq.o
 .text.USBD_SetConfig
                0x08004b88       0xa4 build/usbd_ctlreq.o
 .text.USBD_GetConfig
                0x08004c2c       0x3a build/usbd_ctlreq.o
 .text.USBD_GetStatus
                0x08004c66       0x2c build/usbd_ctlreq.o
 .text.USBD_ClrFeature
                0x08004c92       0x30 build/usbd_ctlreq.o
 .text.USBD_StdDevReq
                0x08004cc2       0x48 build/usbd_ctlreq.o
                0x08004cc2                USBD_StdDevReq
 .text.USBD_StdItfReq
                0x08004d0a       0x36 build/usbd_ctlreq.o
                0x08004d0a                USBD_StdItfReq
 .text.USBD_StdEPReq
                0x08004d40      0x11c build/usbd_ctlreq.o
                0x08004d40                USBD_StdEPReq
 .text.USBD_GetString
                0x08004e5c       0x3a build/usbd_ctlreq.o
                0x08004e5c                USBD_GetString
 .text.USBD_CtlSendData
                0x08004e96       0x1a build/usbd_ioreq.o
                0x08004e96                USBD_CtlSendData
 .text.USBD_CtlContinueSendData
                0x08004eb0       0x10 build/usbd_ioreq.o
                0x08004eb0                USBD_CtlContinueSendData
 .text.USBD_CtlPrepareRx
                0x08004ec0       0x1e build/usbd_ioreq.o
                0x08004ec0                USBD_CtlPrepareRx
 .text.USBD_CtlContinueRx
                0x08004ede       0x10 build/usbd_ioreq.o
                0x08004ede                USBD_CtlContinueRx
 .text.USBD_CtlSendStatus
                0x08004eee       0x16 build/usbd_ioreq.o
                0x08004eee                USBD_CtlSendStatus
 .text.USBD_CtlReceiveStatus
                0x08004f04       0x16 build/usbd_ioreq.o
                0x08004f04                USBD_CtlReceiveStatus
 .text.USBD_CDC_DataIn
                0x08004f1a       0x12 build/usbd_cdc.o
 .text.USBD_CDC_EP0_RxReady
                0x08004f2c       0x28 build/usbd_cdc.o
 .text.USBD_CDC_GetFSCfgDesc
                0x08004f54        0xc build/usbd_cdc.o
 .text.USBD_CDC_GetHSCfgDesc
                0x08004f60        0xc build/usbd_cdc.o
 .text.USBD_CDC_GetOtherSpeedCfgDesc
                0x08004f6c        0xc build/usbd_cdc.o
 .text.USBD_CDC_GetDeviceQualifierDescriptor
                0x08004f78        0xc build/usbd_cdc.o
                0x08004f78                USBD_CDC_GetDeviceQualifierDescriptor
 .text.USBD_CDC_DataOut
                0x08004f84       0x2e build/usbd_cdc.o
 *fill*         0x08004fb2        0x2 
 .text.USBD_CDC_Setup
                0x08004fb4       0x74 build/usbd_cdc.o
 .text.USBD_CDC_DeInit
                0x08005028       0x3a build/usbd_cdc.o
 .text.USBD_CDC_Init
                0x08005062       0x96 build/usbd_cdc.o
 .text.USBD_CDC_RegisterInterface
                0x080050f8        0xe build/usbd_cdc.o
                0x080050f8                USBD_CDC_RegisterInterface
 .text.USBD_CDC_SetTxBuffer
                0x08005106       0x10 build/usbd_cdc.o
                0x08005106                USBD_CDC_SetTxBuffer
 .text.USBD_CDC_SetRxBuffer
                0x08005116        0xc build/usbd_cdc.o
                0x08005116                USBD_CDC_SetRxBuffer
 .text.USBD_CDC_TransmitPacket
                0x08005122       0x2e build/usbd_cdc.o
                0x08005122                USBD_CDC_TransmitPacket
 .text.USBD_CDC_ReceivePacket
                0x08005150       0x30 build/usbd_cdc.o
                0x08005150                USBD_CDC_ReceivePacket
 .text.Reset_Handler
                0x08005180       0x50 build/startup_stm32f303xc.o
                0x08005180                Reset_Handler
 .text.Default_Handler
                0x080051d0        0x2 build/startup_stm32f303xc.o
                0x080051d0                RTC_Alarm_IRQHandler
                0x080051d0                TIM8_TRG_COM_IRQHandler
                0x080051d0                TIM8_CC_IRQHandler
                0x080051d0                TIM1_CC_IRQHandler
                0x080051d0                USB_HP_IRQHandler
                0x080051d0                PVD_IRQHandler
                0x080051d0                TAMP_STAMP_IRQHandler
                0x080051d0                EXTI3_IRQHandler
                0x080051d0                EXTI0_IRQHandler
                0x080051d0                I2C2_EV_IRQHandler
                0x080051d0                FPU_IRQHandler
                0x080051d0                TIM1_UP_TIM16_IRQHandler
                0x080051d0                ADC1_2_IRQHandler
                0x080051d0                SPI1_IRQHandler
                0x080051d0                CAN_SCE_IRQHandler
                0x080051d0                TIM6_DAC_IRQHandler
                0x080051d0                TIM8_UP_IRQHandler
                0x080051d0                DMA2_Channel2_IRQHandler
                0x080051d0                USART3_IRQHandler
                0x080051d0                DMA1_Channel7_IRQHandler
                0x080051d0                UART5_IRQHandler
                0x080051d0                ADC3_IRQHandler
                0x080051d0                CAN_RX1_IRQHandler
                0x080051d0                DMA2_Channel1_IRQHandler
                0x080051d0                I2C1_EV_IRQHandler
                0x080051d0                DMA1_Channel6_IRQHandler
                0x080051d0                UART4_IRQHandler
                0x080051d0                DMA2_Channel4_IRQHandler
                0x080051d0                RCC_IRQHandler
                0x080051d0                DMA1_Channel1_IRQHandler
                0x080051d0                Default_Handler
                0x080051d0                USBWakeUp_RMP_IRQHandler
                0x080051d0                EXTI15_10_IRQHandler
                0x080051d0                TIM7_IRQHandler
                0x080051d0                EXTI9_5_IRQHandler
                0x080051d0                RTC_WKUP_IRQHandler
                0x080051d0                DMA2_Channel5_IRQHandler
                0x080051d0                USB_LP_IRQHandler
                0x080051d0                EXTI4_IRQHandler
                0x080051d0                TIM1_TRG_COM_TIM17_IRQHandler
                0x080051d0                DMA1_Channel3_IRQHandler
                0x080051d0                ADC4_IRQHandler
                0x080051d0                WWDG_IRQHandler
                0x080051d0                COMP7_IRQHandler
                0x080051d0                COMP1_2_3_IRQHandler
                0x080051d0                EXTI1_IRQHandler
                0x080051d0                COMP4_5_6_IRQHandler
                0x080051d0                I2C2_ER_IRQHandler
                0x080051d0                DMA1_Channel2_IRQHandler
                0x080051d0                TIM8_BRK_IRQHandler
                0x080051d0                FLASH_IRQHandler
                0x080051d0                USART1_IRQHandler
                0x080051d0                SPI3_IRQHandler
                0x080051d0                I2C1_ER_IRQHandler
                0x080051d0                USBWakeUp_IRQHandler
                0x080051d0                DMA2_Channel3_IRQHandler
                0x080051d0                EXTI2_TSC_IRQHandler
                0x080051d0                TIM1_BRK_TIM15_IRQHandler
 *fill*         0x080051d2        0x2 
 .text.__libc_init_array
                0x080051d4       0x48 c:/program files (x86)/gnu tools arm embedded/9 2019-q4-major/bin/../lib/gcc/arm-none-eabi/9.2.1/../../../../arm-none-eabi/lib/thumb/v7e-m+fp/hard\libc_nano.a(lib_a-init.o)
                0x080051d4                __libc_init_array
 .text.memset   0x0800521c       0x10 c:/program files (x86)/gnu tools arm embedded/9 2019-q4-major/bin/../lib/gcc/arm-none-eabi/9.2.1/../../../../arm-none-eabi/lib/thumb/v7e-m+fp/hard\libc_nano.a(lib_a-memset.o)
                0x0800521c                memset
 *(.glue_7)
 .glue_7        0x0800522c        0x0 linker stubs
 *(.glue_7t)
 .glue_7t       0x0800522c        0x0 linker stubs
 *(.eh_frame)
 .eh_frame      0x0800522c        0x0 c:/program files (x86)/gnu tools arm embedded/9 2019-q4-major/bin/../lib/gcc/arm-none-eabi/9.2.1/thumb/v7e-m+fp/hard/crtbegin.o
 *(.init)
 .init          0x0800522c        0x4 c:/program files (x86)/gnu tools arm embedded/9 2019-q4-major/bin/../lib/gcc/arm-none-eabi/9.2.1/thumb/v7e-m+fp/hard/crti.o
                0x0800522c                _init
 .init          0x08005230        0x8 c:/program files (x86)/gnu tools arm embedded/9 2019-q4-major/bin/../lib/gcc/arm-none-eabi/9.2.1/thumb/v7e-m+fp/hard/crtn.o
 *(.fini)
 .fini          0x08005238        0x4 c:/program files (x86)/gnu tools arm embedded/9 2019-q4-major/bin/../lib/gcc/arm-none-eabi/9.2.1/thumb/v7e-m+fp/hard/crti.o
                0x08005238                _fini
 .fini          0x0800523c        0x8 c:/program files (x86)/gnu tools arm embedded/9 2019-q4-major/bin/../lib/gcc/arm-none-eabi/9.2.1/thumb/v7e-m+fp/hard/crtn.o
                0x08005244                . = ALIGN (0x4)
                0x08005244                _etext = .

.vfp11_veneer   0x08005244        0x0
 .vfp11_veneer  0x08005244        0x0 linker stubs

.v4_bx          0x08005244        0x0
 .v4_bx         0x08005244        0x0 linker stubs

.iplt           0x08005244        0x0
 .iplt          0x08005244        0x0 c:/program files (x86)/gnu tools arm embedded/9 2019-q4-major/bin/../lib/gcc/arm-none-eabi/9.2.1/thumb/v7e-m+fp/hard/crtbegin.o

.rodata         0x08005244       0x80
                0x08005244                . = ALIGN (0x4)
 *(.rodata)
 *(.rodata*)
 .rodata.USBD_FS_ProductStrDescriptor.str1.4
                0x08005244       0x16 build/usbd_desc.o
 *fill*         0x0800525a        0x2 
 .rodata.USBD_FS_ManufacturerStrDescriptor.str1.4
                0x0800525c       0x13 build/usbd_desc.o
 *fill*         0x0800526f        0x1 
 .rodata.USBD_FS_ConfigStrDescriptor.str1.4
                0x08005270        0xb build/usbd_desc.o
 *fill*         0x0800527b        0x1 
 .rodata.USBD_FS_InterfaceStrDescriptor.str1.4
                0x0800527c        0xe build/usbd_desc.o
 *fill*         0x0800528a        0x2 
 .rodata.aPLLMULFactorTable
                0x0800528c       0x10 build/stm32f3xx_hal_rcc.o
                0x0800528c                aPLLMULFactorTable
 .rodata.aPredivFactorTable
                0x0800529c       0x10 build/stm32f3xx_hal_rcc.o
                0x0800529c                aPredivFactorTable
 .rodata.AHBPrescTable
                0x080052ac       0x10 build/system_stm32f3xx.o
                0x080052ac                AHBPrescTable
 .rodata.APBPrescTable
                0x080052bc        0x8 build/system_stm32f3xx.o
                0x080052bc                APBPrescTable
                0x080052c4                . = ALIGN (0x4)

.rel.dyn        0x080052c4        0x0
 .rel.iplt      0x080052c4        0x0 c:/program files (x86)/gnu tools arm embedded/9 2019-q4-major/bin/../lib/gcc/arm-none-eabi/9.2.1/thumb/v7e-m+fp/hard/crtbegin.o

.ARM.extab
 *(.ARM.extab* .gnu.linkonce.armextab.*)

.ARM            0x080052c4        0x0
                0x080052c4                __exidx_start = .
 *(.ARM.exidx*)
                0x080052c4                __exidx_end = .

.preinit_array  0x080052c4        0x0
                0x080052c4                PROVIDE (__preinit_array_start = .)
 *(.preinit_array*)
                0x080052c4                PROVIDE (__preinit_array_end = .)

.init_array     0x080052c4        0x4
                0x080052c4                PROVIDE (__init_array_start = .)
 *(SORT_BY_NAME(.init_array.*))
 *(.init_array*)
 .init_array    0x080052c4        0x4 c:/program files (x86)/gnu tools arm embedded/9 2019-q4-major/bin/../lib/gcc/arm-none-eabi/9.2.1/thumb/v7e-m+fp/hard/crtbegin.o
                0x080052c8                PROVIDE (__init_array_end = .)

.fini_array     0x080052c8        0x4
                [!provide]                PROVIDE (__fini_array_start = .)
 *(SORT_BY_NAME(.fini_array.*))
 *(.fini_array*)
 .fini_array    0x080052c8        0x4 c:/program files (x86)/gnu tools arm embedded/9 2019-q4-major/bin/../lib/gcc/arm-none-eabi/9.2.1/thumb/v7e-m+fp/hard/crtbegin.o
                [!provide]                PROVIDE (__fini_array_end = .)
                0x080052cc                _sidata = LOADADDR (.data)

.data           0x20000000      0x17c load address 0x080052cc
                0x20000000                . = ALIGN (0x4)
                0x20000000                _sdata = .
 *(.data)
 *(.data*)
 .data.FS_Desc  0x20000000       0x1c build/usbd_desc.o
                0x20000000                FS_Desc
 .data.USBD_FS_DeviceDesc
                0x2000001c       0x12 build/usbd_desc.o
                0x2000001c                USBD_FS_DeviceDesc
 *fill*         0x2000002e        0x2 
 .data.USBD_LangIDDesc
                0x20000030        0x4 build/usbd_desc.o
                0x20000030                USBD_LangIDDesc
 .data.USBD_StringSerial
                0x20000034       0x1a build/usbd_desc.o
                0x20000034                USBD_StringSerial
 *fill*         0x2000004e        0x2 
 .data.USBD_Interface_fops_FS
                0x20000050       0x10 build/usbd_cdc_if.o
                0x20000050                USBD_Interface_fops_FS
 .data.uwTickFreq
                0x20000060        0x1 build/stm32f3xx_hal.o
                0x20000060                uwTickFreq
 *fill*         0x20000061        0x3 
 .data.uwTickPrio
                0x20000064        0x4 build/stm32f3xx_hal.o
                0x20000064                uwTickPrio
 .data.SystemCoreClock
                0x20000068        0x4 build/system_stm32f3xx.o
                0x20000068                SystemCoreClock
 .data.USBD_CDC
                0x2000006c       0x38 build/usbd_cdc.o
                0x2000006c                USBD_CDC
 .data.USBD_CDC_CfgFSDesc
                0x200000a4       0x43 build/usbd_cdc.o
                0x200000a4                USBD_CDC_CfgFSDesc
 *fill*         0x200000e7        0x1 
 .data.USBD_CDC_CfgHSDesc
                0x200000e8       0x43 build/usbd_cdc.o
                0x200000e8                USBD_CDC_CfgHSDesc
 *fill*         0x2000012b        0x1 
 .data.USBD_CDC_DeviceQualifierDesc
                0x2000012c        0xa build/usbd_cdc.o
 *fill*         0x20000136        0x2 
 .data.USBD_CDC_OtherSpeedCfgDesc
                0x20000138       0x43 build/usbd_cdc.o
                0x20000138                USBD_CDC_OtherSpeedCfgDesc
                0x2000017c                . = ALIGN (0x4)
 *fill*         0x2000017b        0x1 
                0x2000017c                _edata = .
                0x08005448                _siccmram = LOADADDR (.ccmram)

.igot.plt       0x2000017c        0x0 load address 0x08005448
 .igot.plt      0x2000017c        0x0 c:/program files (x86)/gnu tools arm embedded/9 2019-q4-major/bin/../lib/gcc/arm-none-eabi/9.2.1/thumb/v7e-m+fp/hard/crtbegin.o

.ccmram         0x10000000        0x0 load address 0x08005448
                0x10000000                . = ALIGN (0x4)
                0x10000000                _sccmram = .
 *(.ccmram)
 *(.ccmram*)
                0x10000000                . = ALIGN (0x4)
                0x10000000                _eccmram = .
                0x10000000                . = ALIGN (0x4)

.bss            0x2000017c     0x1a7c
                0x2000017c                _sbss = .
                0x2000017c                __bss_start__ = _sbss
 *(.bss)
 .bss           0x2000017c       0x1c c:/program files (x86)/gnu tools arm embedded/9 2019-q4-major/bin/../lib/gcc/arm-none-eabi/9.2.1/thumb/v7e-m+fp/hard/crtbegin.o
 *(.bss*)
 .bss.ButtonPressed
                0x20000198        0x1 build/main.o
                0x20000198                ButtonPressed
 .bss.FLAG_comp
                0x20000199        0x1 build/main.o
                0x20000199                FLAG_comp
 .bss.FLAG_half
                0x2000019a        0x1 build/main.o
                0x2000019a                FLAG_half
 .bss.JP1_MODE  0x2000019b        0x1 build/main.o
                0x2000019b                JP1_MODE
 .bss.JP2_MODE  0x2000019c        0x1 build/main.o
                0x2000019c                JP2_MODE
 *fill*         0x2000019d        0x3 
 .bss.SignalTmp
                0x200001a0       0xc0 build/main.o
                0x200001a0                SignalTmp
 .bss.TX_Flag   0x20000260        0x1 build/main.o
                0x20000260                TX_Flag
 .bss.TransferFlag
                0x20000261        0x1 build/main.o
                0x20000261                TransferFlag
 *fill*         0x20000262        0x2 
 .bss.mem.10701
                0x20000264      0x220 build/usbd_conf.o
 .bss.ABuf      0x20000484       0x40 build/stm32f3xx_it.o
                0x20000484                ABuf
 .bss.BBuf      0x200004c4       0x40 build/stm32f3xx_it.o
                0x200004c4                BBuf
 .bss.NextBuf   0x20000504        0x1 build/stm32f3xx_it.o
                0x20000504                NextBuf
 .bss.skip      0x20000505        0x1 build/stm32f3xx_it.o
                0x20000505                skip
 .bss.t4tick    0x20000506        0x1 build/stm32f3xx_it.o
                0x20000506                t4tick
 .bss.cfgidx.10616
                0x20000507        0x1 build/usbd_ctlreq.o
 .bss.ifalt.10611
                0x20000508        0x1 build/usbd_cdc.o
 *(COMMON)
 *fill*         0x20000509        0x3 
 COMMON         0x2000050c       0x4c build/i2c.o
                0x2000050c                hi2c1
 COMMON         0x20000558       0xcc build/i2s.o
                0x20000558                hdma_spi2_rx
                0x2000059c                hdma_spi2_tx
                0x200005e0                hi2s2
 COMMON         0x20000624       0x64 build/spi.o
                0x20000624                hspi1
 COMMON         0x20000688       0xc0 build/tim.o
                0x20000688                htim4
                0x200006c8                htim3
                0x20000708                htim2
 COMMON         0x20000748       0xe0 build/usart.o
                0x20000748                huart4
                0x200007b8                huart2
 COMMON         0x20000828      0x224 build/usb_device.o
                0x20000828                hUsbDeviceFS
 COMMON         0x20000a4c      0x3a8 build/usbd_conf.o
                0x20000a4c                hpcd_USB_FS
 COMMON         0x20000df4      0x200 build/usbd_desc.o
                0x20000df4                USBD_StrDesc
 COMMON         0x20000ff4      0xc00 build/usbd_cdc_if.o
                0x20000ff4                UserRxBufferFS
                0x200013f4                UserTxBufferFS
 COMMON         0x20001bf4        0x4 build/stm32f3xx_hal.o
                0x20001bf4                uwTick
                0x20001bf8                . = ALIGN (0x4)
                0x20001bf8                _ebss = .
                0x20001bf8                __bss_end__ = _ebss

._user_heap_stack
                0x20001bf8     0x2000
                0x20001bf8                . = ALIGN (0x8)
                0x20001bf8                PROVIDE (end = .)
                [!provide]                PROVIDE (_end = .)
                0x20002bf8                . = (. + _Min_Heap_Size)
 *fill*         0x20001bf8     0x1000 
                0x20003bf8                . = (. + _Min_Stack_Size)
 *fill*         0x20002bf8     0x1000 
                0x20003bf8                . = ALIGN (0x8)

/DISCARD/
 libc.a(*)
 libm.a(*)
 libgcc.a(*)

.ARM.attributes
                0x00000000       0x30
 *(.ARM.attributes)
 .ARM.attributes
                0x00000000       0x1e c:/program files (x86)/gnu tools arm embedded/9 2019-q4-major/bin/../lib/gcc/arm-none-eabi/9.2.1/thumb/v7e-m+fp/hard/crti.o
 .ARM.attributes
                0x0000001e       0x34 c:/program files (x86)/gnu tools arm embedded/9 2019-q4-major/bin/../lib/gcc/arm-none-eabi/9.2.1/thumb/v7e-m+fp/hard/crtbegin.o
 .ARM.attributes
                0x00000052       0x34 build/main.o
 .ARM.attributes
                0x00000086       0x34 build/gpio.o
 .ARM.attributes
                0x000000ba       0x34 build/dma.o
 .ARM.attributes
                0x000000ee       0x34 build/i2c.o
 .ARM.attributes
                0x00000122       0x34 build/i2s.o
 .ARM.attributes
                0x00000156       0x34 build/spi.o
 .ARM.attributes
                0x0000018a       0x34 build/tim.o
 .ARM.attributes
                0x000001be       0x34 build/usart.o
 .ARM.attributes
                0x000001f2       0x34 build/usb_device.o
 .ARM.attributes
                0x00000226       0x34 build/usbd_conf.o
 .ARM.attributes
                0x0000025a       0x34 build/usbd_desc.o
 .ARM.attributes
                0x0000028e       0x34 build/usbd_cdc_if.o
 .ARM.attributes
                0x000002c2       0x34 build/stm32f3xx_it.o
 .ARM.attributes
                0x000002f6       0x34 build/stm32f3xx_hal_msp.o
 .ARM.attributes
                0x0000032a       0x34 build/led.o
 .ARM.attributes
                0x0000035e       0x34 build/stm32f3xx_hal_pcd.o
 .ARM.attributes
                0x00000392       0x34 build/stm32f3xx_hal_pcd_ex.o
 .ARM.attributes
                0x000003c6       0x34 build/stm32f3xx_hal_i2c.o
 .ARM.attributes
                0x000003fa       0x34 build/stm32f3xx_hal_i2c_ex.o
 .ARM.attributes
                0x0000042e       0x34 build/stm32f3xx_hal_i2s.o
 .ARM.attributes
                0x00000462       0x34 build/stm32f3xx_hal_i2s_ex.o
 .ARM.attributes
                0x00000496       0x34 build/stm32f3xx_hal_spi.o
 .ARM.attributes
                0x000004ca       0x34 build/stm32f3xx_hal_tim.o
 .ARM.attributes
                0x000004fe       0x34 build/stm32f3xx_hal_tim_ex.o
 .ARM.attributes
                0x00000532       0x34 build/stm32f3xx_hal_uart.o
 .ARM.attributes
                0x00000566       0x34 build/stm32f3xx_hal_uart_ex.o
 .ARM.attributes
                0x0000059a       0x34 build/stm32f3xx_hal.o
 .ARM.attributes
                0x000005ce       0x34 build/stm32f3xx_hal_rcc.o
 .ARM.attributes
                0x00000602       0x34 build/stm32f3xx_hal_rcc_ex.o
 .ARM.attributes
                0x00000636       0x34 build/stm32f3xx_hal_gpio.o
 .ARM.attributes
                0x0000066a       0x34 build/stm32f3xx_hal_dma.o
 .ARM.attributes
                0x0000069e       0x34 build/stm32f3xx_hal_cortex.o
 .ARM.attributes
                0x000006d2       0x34 build/system_stm32f3xx.o
 .ARM.attributes
                0x00000706       0x34 build/usbd_core.o
 .ARM.attributes
                0x0000073a       0x34 build/usbd_ctlreq.o
 .ARM.attributes
                0x0000076e       0x34 build/usbd_ioreq.o
 .ARM.attributes
                0x000007a2       0x34 build/usbd_cdc.o
 .ARM.attributes
                0x000007d6       0x21 build/startup_stm32f303xc.o
 .ARM.attributes
                0x000007f7       0x34 c:/program files (x86)/gnu tools arm embedded/9 2019-q4-major/bin/../lib/gcc/arm-none-eabi/9.2.1/../../../../arm-none-eabi/lib/thumb/v7e-m+fp/hard\libc_nano.a(lib_a-init.o)
 .ARM.attributes
                0x0000082b       0x34 c:/program files (x86)/gnu tools arm embedded/9 2019-q4-major/bin/../lib/gcc/arm-none-eabi/9.2.1/../../../../arm-none-eabi/lib/thumb/v7e-m+fp/hard\libc_nano.a(lib_a-memset.o)
 .ARM.attributes
                0x0000085f       0x1e c:/program files (x86)/gnu tools arm embedded/9 2019-q4-major/bin/../lib/gcc/arm-none-eabi/9.2.1/thumb/v7e-m+fp/hard/crtn.o
OUTPUT(build/MSIP2.elf elf32-littlearm)

.debug_info     0x00000000    0x3cda7
 .debug_info    0x00000000     0x2437 build/main.o
 .debug_info    0x00002437     0x1047 build/gpio.o
 .debug_info    0x0000347e      0xe7e build/dma.o
 .debug_info    0x000042fc     0x14d0 build/i2c.o
 .debug_info    0x000057cc     0x16e7 build/i2s.o
 .debug_info    0x00006eb3     0x143a build/spi.o
 .debug_info    0x000082ed     0x1933 build/tim.o
 .debug_info    0x00009c20     0x182f build/usart.o
 .debug_info    0x0000b44f     0x119d build/usb_device.o
 .debug_info    0x0000c5ec     0x29d2 build/usbd_conf.o
 .debug_info    0x0000efbe     0x10a2 build/usbd_desc.o
 .debug_info    0x00010060     0x13c3 build/usbd_cdc_if.o
 .debug_info    0x00011423     0x2150 build/stm32f3xx_it.o
 .debug_info    0x00013573      0xc6e build/stm32f3xx_hal_msp.o
 .debug_info    0x000141e1      0xe52 build/led.o
 .debug_info    0x00015033     0x1eb0 build/stm32f3xx_hal_pcd.o
 .debug_info    0x00016ee3     0x1225 build/stm32f3xx_hal_pcd_ex.o
 .debug_info    0x00018108     0x422d build/stm32f3xx_hal_i2c.o
 .debug_info    0x0001c335     0x13cb build/stm32f3xx_hal_i2c_ex.o
 .debug_info    0x0001d700     0x19ed build/stm32f3xx_hal_i2s.o
 .debug_info    0x0001f0ed     0x1b15 build/stm32f3xx_hal_i2s_ex.o
 .debug_info    0x00020c02     0x2c03 build/stm32f3xx_hal_spi.o
 .debug_info    0x00023805     0x40f1 build/stm32f3xx_hal_tim.o
 .debug_info    0x000278f6     0x2447 build/stm32f3xx_hal_tim_ex.o
 .debug_info    0x00029d3d     0x2826 build/stm32f3xx_hal_uart.o
 .debug_info    0x0002c563     0x1488 build/stm32f3xx_hal_uart_ex.o
 .debug_info    0x0002d9eb     0x132e build/stm32f3xx_hal.o
 .debug_info    0x0002ed19     0x20c2 build/stm32f3xx_hal_rcc.o
 .debug_info    0x00030ddb     0x1250 build/stm32f3xx_hal_rcc_ex.o
 .debug_info    0x0003202b     0x11ca build/stm32f3xx_hal_gpio.o
 .debug_info    0x000331f5     0x1374 build/stm32f3xx_hal_dma.o
 .debug_info    0x00034569     0x1b0b build/stm32f3xx_hal_cortex.o
 .debug_info    0x00036074      0xe8b build/system_stm32f3xx.o
 .debug_info    0x00036eff     0x1869 build/usbd_core.o
 .debug_info    0x00038768     0x19ee build/usbd_ctlreq.o
 .debug_info    0x0003a156     0x12df build/usbd_ioreq.o
 .debug_info    0x0003b435     0x1950 build/usbd_cdc.o
 .debug_info    0x0003cd85       0x22 build/startup_stm32f303xc.o

.debug_abbrev   0x00000000     0x6e87
 .debug_abbrev  0x00000000      0x2ea build/main.o
 .debug_abbrev  0x000002ea      0x239 build/gpio.o
 .debug_abbrev  0x00000523      0x242 build/dma.o
 .debug_abbrev  0x00000765      0x27b build/i2c.o
 .debug_abbrev  0x000009e0      0x297 build/i2s.o
 .debug_abbrev  0x00000c77      0x27b build/spi.o
 .debug_abbrev  0x00000ef2      0x297 build/tim.o
 .debug_abbrev  0x00001189      0x284 build/usart.o
 .debug_abbrev  0x0000140d      0x228 build/usb_device.o
 .debug_abbrev  0x00001635      0x393 build/usbd_conf.o
 .debug_abbrev  0x000019c8      0x320 build/usbd_desc.o
 .debug_abbrev  0x00001ce8      0x30c build/usbd_cdc_if.o
 .debug_abbrev  0x00001ff4      0x2d4 build/stm32f3xx_it.o
 .debug_abbrev  0x000022c8      0x22c build/stm32f3xx_hal_msp.o
 .debug_abbrev  0x000024f4      0x287 build/led.o
 .debug_abbrev  0x0000277b      0x3ed build/stm32f3xx_hal_pcd.o
 .debug_abbrev  0x00002b68      0x27b build/stm32f3xx_hal_pcd_ex.o
 .debug_abbrev  0x00002de3      0x376 build/stm32f3xx_hal_i2c.o
 .debug_abbrev  0x00003159      0x272 build/stm32f3xx_hal_i2c_ex.o
 .debug_abbrev  0x000033cb      0x378 build/stm32f3xx_hal_i2s.o
 .debug_abbrev  0x00003743      0x393 build/stm32f3xx_hal_i2s_ex.o
 .debug_abbrev  0x00003ad6      0x342 build/stm32f3xx_hal_spi.o
 .debug_abbrev  0x00003e18      0x360 build/stm32f3xx_hal_tim.o
 .debug_abbrev  0x00004178      0x346 build/stm32f3xx_hal_tim_ex.o
 .debug_abbrev  0x000044be      0x358 build/stm32f3xx_hal_uart.o
 .debug_abbrev  0x00004816      0x2ec build/stm32f3xx_hal_uart_ex.o
 .debug_abbrev  0x00004b02      0x308 build/stm32f3xx_hal.o
 .debug_abbrev  0x00004e0a      0x3e2 build/stm32f3xx_hal_rcc.o
 .debug_abbrev  0x000051ec      0x37c build/stm32f3xx_hal_rcc_ex.o
 .debug_abbrev  0x00005568      0x30a build/stm32f3xx_hal_gpio.o
 .debug_abbrev  0x00005872      0x327 build/stm32f3xx_hal_dma.o
 .debug_abbrev  0x00005b99      0x439 build/stm32f3xx_hal_cortex.o
 .debug_abbrev  0x00005fd2      0x236 build/system_stm32f3xx.o
 .debug_abbrev  0x00006208      0x334 build/usbd_core.o
 .debug_abbrev  0x0000653c      0x387 build/usbd_ctlreq.o
 .debug_abbrev  0x000068c3      0x229 build/usbd_ioreq.o
 .debug_abbrev  0x00006aec      0x389 build/usbd_cdc.o
 .debug_abbrev  0x00006e75       0x12 build/startup_stm32f303xc.o

.debug_loc      0x00000000    0x19f1b
 .debug_loc     0x00000000       0x59 build/main.o
 .debug_loc     0x00000059       0x39 build/gpio.o
 .debug_loc     0x00000092       0x38 build/dma.o
 .debug_loc     0x000000ca      0x108 build/i2c.o
 .debug_loc     0x000001d2       0xf5 build/i2s.o
 .debug_loc     0x000002c7      0x108 build/spi.o
 .debug_loc     0x000003cf      0x228 build/tim.o
 .debug_loc     0x000005f7      0x164 build/usart.o
 .debug_loc     0x0000075b       0x20 build/usb_device.o
 .debug_loc     0x0000077b      0xead build/usbd_conf.o
 .debug_loc     0x00001628      0x47b build/usbd_desc.o
 .debug_loc     0x00001aa3      0x197 build/usbd_cdc_if.o
 .debug_loc     0x00001c3a      0x140 build/stm32f3xx_it.o
 .debug_loc     0x00001d7a       0x38 build/stm32f3xx_hal_msp.o
 .debug_loc     0x00001db2       0xfa build/led.o
 .debug_loc     0x00001eac     0x126e build/stm32f3xx_hal_pcd.o
 .debug_loc     0x0000311a      0x428 build/stm32f3xx_hal_pcd_ex.o
 .debug_loc     0x00003542     0x4634 build/stm32f3xx_hal_i2c.o
 .debug_loc     0x00007b76      0x276 build/stm32f3xx_hal_i2c_ex.o
 .debug_loc     0x00007dec      0xe2d build/stm32f3xx_hal_i2s.o
 .debug_loc     0x00008c19     0x1050 build/stm32f3xx_hal_i2s_ex.o
 .debug_loc     0x00009c69     0x26d9 build/stm32f3xx_hal_spi.o
 .debug_loc     0x0000c342     0x4323 build/stm32f3xx_hal_tim.o
 .debug_loc     0x00010665     0x2037 build/stm32f3xx_hal_tim_ex.o
 .debug_loc     0x0001269c     0x1edc build/stm32f3xx_hal_uart.o
 .debug_loc     0x00014578      0x3f9 build/stm32f3xx_hal_uart_ex.o
 .debug_loc     0x00014971      0x1cc build/stm32f3xx_hal.o
 .debug_loc     0x00014b3d      0xf10 build/stm32f3xx_hal_rcc.o
 .debug_loc     0x00015a4d      0xb17 build/stm32f3xx_hal_rcc_ex.o
 .debug_loc     0x00016564      0x499 build/stm32f3xx_hal_gpio.o
 .debug_loc     0x000169fd      0x908 build/stm32f3xx_hal_dma.o
 .debug_loc     0x00017305      0x7d4 build/stm32f3xx_hal_cortex.o
 .debug_loc     0x00017ad9      0x123 build/system_stm32f3xx.o
 .debug_loc     0x00017bfc      0x9e3 build/usbd_core.o
 .debug_loc     0x000185df      0xee2 build/usbd_ctlreq.o
 .debug_loc     0x000194c1      0x364 build/usbd_ioreq.o
 .debug_loc     0x00019825      0x6f6 build/usbd_cdc.o

.debug_aranges  0x00000000     0x1890
 .debug_aranges
                0x00000000       0x40 build/main.o
 .debug_aranges
                0x00000040       0x20 build/gpio.o
 .debug_aranges
                0x00000060       0x20 build/dma.o
 .debug_aranges
                0x00000080       0x30 build/i2c.o
 .debug_aranges
                0x000000b0       0x30 build/i2s.o
 .debug_aranges
                0x000000e0       0x30 build/spi.o
 .debug_aranges
                0x00000110       0x40 build/tim.o
 .debug_aranges
                0x00000150       0x38 build/usart.o
 .debug_aranges
                0x00000188       0x20 build/usb_device.o
 .debug_aranges
                0x000001a8      0x118 build/usbd_conf.o
 .debug_aranges
                0x000002c0       0x60 build/usbd_desc.o
 .debug_aranges
                0x00000320       0x40 build/usbd_cdc_if.o
 .debug_aranges
                0x00000360       0xa8 build/stm32f3xx_it.o
 .debug_aranges
                0x00000408       0x20 build/stm32f3xx_hal_msp.o
 .debug_aranges
                0x00000428       0x38 build/led.o
 .debug_aranges
                0x00000460      0x120 build/stm32f3xx_hal_pcd.o
 .debug_aranges
                0x00000580       0x38 build/stm32f3xx_hal_pcd_ex.o
 .debug_aranges
                0x000005b8      0x260 build/stm32f3xx_hal_i2c.o
 .debug_aranges
                0x00000818       0x48 build/stm32f3xx_hal_i2c_ex.o
 .debug_aranges
                0x00000860      0x100 build/stm32f3xx_hal_i2s.o
 .debug_aranges
                0x00000960       0x98 build/stm32f3xx_hal_i2s_ex.o
 .debug_aranges
                0x000009f8      0x1d8 build/stm32f3xx_hal_spi.o
 .debug_aranges
                0x00000bd0      0x378 build/stm32f3xx_hal_tim.o
 .debug_aranges
                0x00000f48      0x178 build/stm32f3xx_hal_tim_ex.o
 .debug_aranges
                0x000010c0      0x1f0 build/stm32f3xx_hal_uart.o
 .debug_aranges
                0x000012b0       0x48 build/stm32f3xx_hal_uart_ex.o
 .debug_aranges
                0x000012f8       0xe0 build/stm32f3xx_hal.o
 .debug_aranges
                0x000013d8       0x88 build/stm32f3xx_hal_rcc.o
 .debug_aranges
                0x00001460       0x38 build/stm32f3xx_hal_rcc_ex.o
 .debug_aranges
                0x00001498       0x58 build/stm32f3xx_hal_gpio.o
 .debug_aranges
                0x000014f0       0x88 build/stm32f3xx_hal_dma.o
 .debug_aranges
                0x00001578       0xa8 build/stm32f3xx_hal_cortex.o
 .debug_aranges
                0x00001620       0x28 build/system_stm32f3xx.o
 .debug_aranges
                0x00001648       0xb8 build/usbd_core.o
 .debug_aranges
                0x00001700       0x88 build/usbd_ctlreq.o
 .debug_aranges
                0x00001788       0x50 build/usbd_ioreq.o
 .debug_aranges
                0x000017d8       0x90 build/usbd_cdc.o
 .debug_aranges
                0x00001868       0x28 build/startup_stm32f303xc.o

.debug_ranges   0x00000000     0x1778
 .debug_ranges  0x00000000       0x30 build/main.o
 .debug_ranges  0x00000030       0x10 build/gpio.o
 .debug_ranges  0x00000040       0x10 build/dma.o
 .debug_ranges  0x00000050       0x20 build/i2c.o
 .debug_ranges  0x00000070       0x20 build/i2s.o
 .debug_ranges  0x00000090       0x20 build/spi.o
 .debug_ranges  0x000000b0       0x30 build/tim.o
 .debug_ranges  0x000000e0       0x28 build/usart.o
 .debug_ranges  0x00000108       0x10 build/usb_device.o
 .debug_ranges  0x00000118      0x108 build/usbd_conf.o
 .debug_ranges  0x00000220       0x50 build/usbd_desc.o
 .debug_ranges  0x00000270       0x30 build/usbd_cdc_if.o
 .debug_ranges  0x000002a0       0xb0 build/stm32f3xx_it.o
 .debug_ranges  0x00000350       0x10 build/stm32f3xx_hal_msp.o
 .debug_ranges  0x00000360       0x28 build/led.o
 .debug_ranges  0x00000388      0x1a0 build/stm32f3xx_hal_pcd.o
 .debug_ranges  0x00000528       0x28 build/stm32f3xx_hal_pcd_ex.o
 .debug_ranges  0x00000550      0x250 build/stm32f3xx_hal_i2c.o
 .debug_ranges  0x000007a0       0x38 build/stm32f3xx_hal_i2c_ex.o
 .debug_ranges  0x000007d8       0xf0 build/stm32f3xx_hal_i2s.o
 .debug_ranges  0x000008c8       0x88 build/stm32f3xx_hal_i2s_ex.o
 .debug_ranges  0x00000950      0x1c8 build/stm32f3xx_hal_spi.o
 .debug_ranges  0x00000b18      0x368 build/stm32f3xx_hal_tim.o
 .debug_ranges  0x00000e80      0x168 build/stm32f3xx_hal_tim_ex.o
 .debug_ranges  0x00000fe8      0x1e0 build/stm32f3xx_hal_uart.o
 .debug_ranges  0x000011c8       0x38 build/stm32f3xx_hal_uart_ex.o
 .debug_ranges  0x00001200       0xd0 build/stm32f3xx_hal.o
 .debug_ranges  0x000012d0       0x98 build/stm32f3xx_hal_rcc.o
 .debug_ranges  0x00001368       0x40 build/stm32f3xx_hal_rcc_ex.o
 .debug_ranges  0x000013a8       0x48 build/stm32f3xx_hal_gpio.o
 .debug_ranges  0x000013f0       0x78 build/stm32f3xx_hal_dma.o
 .debug_ranges  0x00001468       0xf8 build/stm32f3xx_hal_cortex.o
 .debug_ranges  0x00001560       0x18 build/system_stm32f3xx.o
 .debug_ranges  0x00001578       0xa8 build/usbd_core.o
 .debug_ranges  0x00001620       0x78 build/usbd_ctlreq.o
 .debug_ranges  0x00001698       0x40 build/usbd_ioreq.o
 .debug_ranges  0x000016d8       0x80 build/usbd_cdc.o
 .debug_ranges  0x00001758       0x20 build/startup_stm32f303xc.o

.debug_line     0x00000000    0x1b738
 .debug_line    0x00000000      0x59a build/main.o
 .debug_line    0x0000059a      0x415 build/gpio.o
 .debug_line    0x000009af      0x272 build/dma.o
 .debug_line    0x00000c21      0x3e9 build/i2c.o
 .debug_line    0x0000100a      0x4ac build/i2s.o
 .debug_line    0x000014b6      0x3db build/spi.o
 .debug_line    0x00001891      0x5b5 build/tim.o
 .debug_line    0x00001e46      0x4dd build/usart.o
 .debug_line    0x00002323      0x39a build/usb_device.o
 .debug_line    0x000026bd      0x922 build/usbd_conf.o
 .debug_line    0x00002fdf      0x4ef build/usbd_desc.o
 .debug_line    0x000034ce      0x3dc build/usbd_cdc_if.o
 .debug_line    0x000038aa      0x528 build/stm32f3xx_it.o
 .debug_line    0x00003dd2      0x284 build/stm32f3xx_hal_msp.o
 .debug_line    0x00004056      0x31b build/led.o
 .debug_line    0x00004371     0x1207 build/stm32f3xx_hal_pcd.o
 .debug_line    0x00005578      0x47a build/stm32f3xx_hal_pcd_ex.o
 .debug_line    0x000059f2     0x3b1c build/stm32f3xx_hal_i2c.o
 .debug_line    0x0000950e      0x5a7 build/stm32f3xx_hal_i2c_ex.o
 .debug_line    0x00009ab5     0x1082 build/stm32f3xx_hal_i2s.o
 .debug_line    0x0000ab37     0x17c2 build/stm32f3xx_hal_i2s_ex.o
 .debug_line    0x0000c2f9     0x2847 build/stm32f3xx_hal_spi.o
 .debug_line    0x0000eb40     0x3378 build/stm32f3xx_hal_tim.o
 .debug_line    0x00011eb8     0x16cc build/stm32f3xx_hal_tim_ex.o
 .debug_line    0x00013584     0x1e2b build/stm32f3xx_hal_uart.o
 .debug_line    0x000153af      0x50e build/stm32f3xx_hal_uart_ex.o
 .debug_line    0x000158bd      0x5ac build/stm32f3xx_hal.o
 .debug_line    0x00015e69     0x121c build/stm32f3xx_hal_rcc.o
 .debug_line    0x00017085      0xbb6 build/stm32f3xx_hal_rcc_ex.o
 .debug_line    0x00017c3b      0x769 build/stm32f3xx_hal_gpio.o
 .debug_line    0x000183a4      0xab0 build/stm32f3xx_hal_dma.o
 .debug_line    0x00018e54      0x7a6 build/stm32f3xx_hal_cortex.o
 .debug_line    0x000195fa      0x357 build/system_stm32f3xx.o
 .debug_line    0x00019951      0x7f9 build/usbd_core.o
 .debug_line    0x0001a14a      0x9e4 build/usbd_ctlreq.o
 .debug_line    0x0001ab2e      0x425 build/usbd_ioreq.o
 .debug_line    0x0001af53      0x771 build/usbd_cdc.o
 .debug_line    0x0001b6c4       0x74 build/startup_stm32f303xc.o

.debug_str      0x00000000     0x69f0
 .debug_str     0x00000000     0x1620 build/main.o
                               0x173e (size before relaxing)
 .debug_str     0x00001620       0x9e build/gpio.o
                                0x76c (size before relaxing)
 .debug_str     0x000016be      0x464 build/dma.o
                                0xb07 (size before relaxing)
 .debug_str     0x00001b22       0x8e build/i2c.o
                                0xc7a (size before relaxing)
 .debug_str     0x00001bb0       0x8d build/i2s.o
                                0xfe0 (size before relaxing)
 .debug_str     0x00001c3d       0x43 build/spi.o
                                0xb89 (size before relaxing)
 .debug_str     0x00001c80      0x1cc build/tim.o
                               0x1116 (size before relaxing)
 .debug_str     0x00001e4c       0x49 build/usart.o
                               0x10a4 (size before relaxing)
 .debug_str     0x00001e95      0x3c1 build/usb_device.o
                                0xae1 (size before relaxing)
 .debug_str     0x00002256      0x79b build/usbd_conf.o
                               0x179e (size before relaxing)
 .debug_str     0x000029f1      0x171 build/usbd_desc.o
                                0x8f4 (size before relaxing)
 .debug_str     0x00002b62      0x11b build/usbd_cdc_if.o
                                0xbb1 (size before relaxing)
 .debug_str     0x00002c7d      0x234 build/stm32f3xx_it.o
                               0x134c (size before relaxing)
 .debug_str     0x00002eb1       0x41 build/stm32f3xx_hal_msp.o
                                0x6d8 (size before relaxing)
 .debug_str     0x00002ef2       0x42 build/led.o
                                0x706 (size before relaxing)
 .debug_str     0x00002f34      0x153 build/stm32f3xx_hal_pcd.o
                                0xd10 (size before relaxing)
 .debug_str     0x00003087       0x75 build/stm32f3xx_hal_pcd_ex.o
                                0xa10 (size before relaxing)
 .debug_str     0x000030fc      0x7ba build/stm32f3xx_hal_i2c.o
                               0x131d (size before relaxing)
 .debug_str     0x000038b6       0xd1 build/stm32f3xx_hal_i2c_ex.o
                                0xc81 (size before relaxing)
 .debug_str     0x00003987      0x1bd build/stm32f3xx_hal_i2s.o
                                0xcc4 (size before relaxing)
 .debug_str     0x00003b44      0x1fc build/stm32f3xx_hal_i2s_ex.o
                                0xe29 (size before relaxing)
 .debug_str     0x00003d40      0x4f8 build/stm32f3xx_hal_spi.o
                               0x100e (size before relaxing)
 .debug_str     0x00004238      0xc31 build/stm32f3xx_hal_tim.o
                               0x1865 (size before relaxing)
 .debug_str     0x00004e69      0x51b build/stm32f3xx_hal_tim_ex.o
                               0x12a0 (size before relaxing)
 .debug_str     0x00005384      0x680 build/stm32f3xx_hal_uart.o
                               0x12dd (size before relaxing)
 .debug_str     0x00005a04       0xea build/stm32f3xx_hal_uart_ex.o
                                0xce1 (size before relaxing)
 .debug_str     0x00005aee      0x23c build/stm32f3xx_hal.o
                                0xdc0 (size before relaxing)
 .debug_str     0x00005d2a      0x180 build/stm32f3xx_hal_rcc.o
                                0xac8 (size before relaxing)
 .debug_str     0x00005eaa       0xc5 build/stm32f3xx_hal_rcc_ex.o
                                0x9ca (size before relaxing)
 .debug_str     0x00005f6f       0xeb build/stm32f3xx_hal_gpio.o
                                0x8e9 (size before relaxing)
 .debug_str     0x0000605a      0x1db build/stm32f3xx_hal_dma.o
                                0xad0 (size before relaxing)
 .debug_str     0x00006235      0x340 build/stm32f3xx_hal_cortex.o
                                0xfde (size before relaxing)
 .debug_str     0x00006575       0x4d build/system_stm32f3xx.o
                                0x745 (size before relaxing)
 .debug_str     0x000065c2      0x145 build/usbd_core.o
                                0xcd7 (size before relaxing)
 .debug_str     0x00006707       0xe2 build/usbd_ctlreq.o
                                0xbf1 (size before relaxing)
 .debug_str     0x000067e9       0x60 build/usbd_ioreq.o
                                0xb1e (size before relaxing)
 .debug_str     0x00006849      0x183 build/usbd_cdc.o
                                0xd65 (size before relaxing)
 .debug_str     0x000069cc       0x24 build/startup_stm32f303xc.o
                                 0x37 (size before relaxing)

.comment        0x00000000       0x79
 .comment       0x00000000       0x79 build/main.o
                                 0x7a (size before relaxing)
 .comment       0x00000079       0x7a build/gpio.o
 .comment       0x00000079       0x7a build/dma.o
 .comment       0x00000079       0x7a build/i2c.o
 .comment       0x00000079       0x7a build/i2s.o
 .comment       0x00000079       0x7a build/spi.o
 .comment       0x00000079       0x7a build/tim.o
 .comment       0x00000079       0x7a build/usart.o
 .comment       0x00000079       0x7a build/usb_device.o
 .comment       0x00000079       0x7a build/usbd_conf.o
 .comment       0x00000079       0x7a build/usbd_desc.o
 .comment       0x00000079       0x7a build/usbd_cdc_if.o
 .comment       0x00000079       0x7a build/stm32f3xx_it.o
 .comment       0x00000079       0x7a build/stm32f3xx_hal_msp.o
 .comment       0x00000079       0x7a build/led.o
 .comment       0x00000079       0x7a build/stm32f3xx_hal_pcd.o
 .comment       0x00000079       0x7a build/stm32f3xx_hal_pcd_ex.o
 .comment       0x00000079       0x7a build/stm32f3xx_hal_i2c.o
 .comment       0x00000079       0x7a build/stm32f3xx_hal_i2c_ex.o
 .comment       0x00000079       0x7a build/stm32f3xx_hal_i2s.o
 .comment       0x00000079       0x7a build/stm32f3xx_hal_i2s_ex.o
 .comment       0x00000079       0x7a build/stm32f3xx_hal_spi.o
 .comment       0x00000079       0x7a build/stm32f3xx_hal_tim.o
 .comment       0x00000079       0x7a build/stm32f3xx_hal_tim_ex.o
 .comment       0x00000079       0x7a build/stm32f3xx_hal_uart.o
 .comment       0x00000079       0x7a build/stm32f3xx_hal_uart_ex.o
 .comment       0x00000079       0x7a build/stm32f3xx_hal.o
 .comment       0x00000079       0x7a build/stm32f3xx_hal_rcc.o
 .comment       0x00000079       0x7a build/stm32f3xx_hal_rcc_ex.o
 .comment       0x00000079       0x7a build/stm32f3xx_hal_gpio.o
 .comment       0x00000079       0x7a build/stm32f3xx_hal_dma.o
 .comment       0x00000079       0x7a build/stm32f3xx_hal_cortex.o
 .comment       0x00000079       0x7a build/system_stm32f3xx.o
 .comment       0x00000079       0x7a build/usbd_core.o
 .comment       0x00000079       0x7a build/usbd_ctlreq.o
 .comment       0x00000079       0x7a build/usbd_ioreq.o
 .comment       0x00000079       0x7a build/usbd_cdc.o

.debug_frame    0x00000000     0x4938
 .debug_frame   0x00000000       0x80 build/main.o
 .debug_frame   0x00000080       0x40 build/gpio.o
 .debug_frame   0x000000c0       0x2c build/dma.o
 .debug_frame   0x000000ec       0x6c build/i2c.o
 .debug_frame   0x00000158       0x74 build/i2s.o
 .debug_frame   0x000001cc       0x68 build/spi.o
 .debug_frame   0x00000234       0xac build/tim.o
 .debug_frame   0x000002e0       0x90 build/usart.o
 .debug_frame   0x00000370       0x2c build/usb_device.o
 .debug_frame   0x0000039c      0x35c build/usbd_conf.o
 .debug_frame   0x000006f8       0xfc build/usbd_desc.o
 .debug_frame   0x000007f4       0x84 build/usbd_cdc_if.o
 .debug_frame   0x00000878      0x1a8 build/stm32f3xx_it.o
 .debug_frame   0x00000a20       0x2c build/stm32f3xx_hal_msp.o
 .debug_frame   0x00000a4c       0x84 build/led.o
 .debug_frame   0x00000ad0      0x324 build/stm32f3xx_hal_pcd.o
 .debug_frame   0x00000df4       0x6c build/stm32f3xx_hal_pcd_ex.o
 .debug_frame   0x00000e60      0x998 build/stm32f3xx_hal_i2c.o
 .debug_frame   0x000017f8       0x80 build/stm32f3xx_hal_i2c_ex.o
 .debug_frame   0x00001878      0x2f8 build/stm32f3xx_hal_i2s.o
 .debug_frame   0x00001b70      0x21c build/stm32f3xx_hal_i2s_ex.o
 .debug_frame   0x00001d8c      0x674 build/stm32f3xx_hal_spi.o
 .debug_frame   0x00002400      0xb4c build/stm32f3xx_hal_tim.o
 .debug_frame   0x00002f4c      0x4d8 build/stm32f3xx_hal_tim_ex.o
 .debug_frame   0x00003424      0x600 build/stm32f3xx_hal_uart.o
 .debug_frame   0x00003a24       0xb8 build/stm32f3xx_hal_uart_ex.o
 .debug_frame   0x00003adc      0x1e0 build/stm32f3xx_hal.o
 .debug_frame   0x00003cbc      0x19c build/stm32f3xx_hal_rcc.o
 .debug_frame   0x00003e58       0x88 build/stm32f3xx_hal_rcc_ex.o
 .debug_frame   0x00003ee0      0x10c build/stm32f3xx_hal_gpio.o
 .debug_frame   0x00003fec      0x190 build/stm32f3xx_hal_dma.o
 .debug_frame   0x0000417c      0x16c build/stm32f3xx_hal_cortex.o
 .debug_frame   0x000042e8       0x30 build/system_stm32f3xx.o
 .debug_frame   0x00004318      0x1ec build/usbd_core.o
 .debug_frame   0x00004504      0x1ac build/usbd_ctlreq.o
 .debug_frame   0x000046b0       0xd4 build/usbd_ioreq.o
 .debug_frame   0x00004784      0x168 build/usbd_cdc.o
 .debug_frame   0x000048ec       0x2c c:/program files (x86)/gnu tools arm embedded/9 2019-q4-major/bin/../lib/gcc/arm-none-eabi/9.2.1/../../../../arm-none-eabi/lib/thumb/v7e-m+fp/hard\libc_nano.a(lib_a-init.o)
 .debug_frame   0x00004918       0x20 c:/program files (x86)/gnu tools arm embedded/9 2019-q4-major/bin/../lib/gcc/arm-none-eabi/9.2.1/../../../../arm-none-eabi/lib/thumb/v7e-m+fp/hard\libc_nano.a(lib_a-memset.o)

Cross Reference Table

Symbol                                            File
ABuf                                              build/stm32f3xx_it.o
ADC1_2_IRQHandler                                 build/startup_stm32f303xc.o
ADC3_IRQHandler                                   build/startup_stm32f303xc.o
ADC4_IRQHandler                                   build/startup_stm32f303xc.o
AHBPrescTable                                     build/system_stm32f3xx.o
                                                  build/stm32f3xx_hal_rcc.o
ALL_LED_OFF                                       build/led.o
ALL_LED_ON                                        build/led.o
APBPrescTable                                     build/system_stm32f3xx.o
                                                  build/stm32f3xx_hal_rcc.o
BBuf                                              build/stm32f3xx_it.o
BlinkLED                                          build/led.o
                                                  build/stm32f3xx_it.o
BusFault_Handler                                  build/stm32f3xx_it.o
ButtonPressed                                     build/main.o
Buzzer                                            build/buzzer.o
CAN_RX1_IRQHandler                                build/startup_stm32f303xc.o
CAN_SCE_IRQHandler                                build/startup_stm32f303xc.o
CDC_Transmit_FS                                   build/usbd_cdc_if.o
                                                  build/stm32f3xx_it.o
COMP1_2_3_IRQHandler                              build/startup_stm32f303xc.o
COMP4_5_6_IRQHandler                              build/startup_stm32f303xc.o
COMP7_IRQHandler                                  build/startup_stm32f303xc.o
DMA1_Channel1_IRQHandler                          build/startup_stm32f303xc.o
DMA1_Channel2_IRQHandler                          build/startup_stm32f303xc.o
DMA1_Channel3_IRQHandler                          build/startup_stm32f303xc.o
DMA1_Channel4_IRQHandler                          build/stm32f3xx_it.o
DMA1_Channel5_IRQHandler                          build/stm32f3xx_it.o
DMA1_Channel6_IRQHandler                          build/startup_stm32f303xc.o
DMA1_Channel7_IRQHandler                          build/startup_stm32f303xc.o
DMA2_Channel1_IRQHandler                          build/startup_stm32f303xc.o
DMA2_Channel2_IRQHandler                          build/startup_stm32f303xc.o
DMA2_Channel3_IRQHandler                          build/startup_stm32f303xc.o
DMA2_Channel4_IRQHandler                          build/startup_stm32f303xc.o
DMA2_Channel5_IRQHandler                          build/startup_stm32f303xc.o
DMABufSize                                        build/main.o
DebugMon_Handler                                  build/stm32f3xx_it.o
Default_Handler                                   build/startup_stm32f303xc.o
EXTI0_IRQHandler                                  build/startup_stm32f303xc.o
EXTI15_10_IRQHandler                              build/startup_stm32f303xc.o
EXTI1_IRQHandler                                  build/startup_stm32f303xc.o
EXTI2_TSC_IRQHandler                              build/startup_stm32f303xc.o
EXTI3_IRQHandler                                  build/startup_stm32f303xc.o
EXTI4_IRQHandler                                  build/startup_stm32f303xc.o
EXTI9_5_IRQHandler                                build/startup_stm32f303xc.o
Error_Handler                                     build/main.o
                                                  build/usbd_conf.o
                                                  build/usb_device.o
                                                  build/usart.o
                                                  build/tim.o
                                                  build/spi.o
                                                  build/i2s.o
                                                  build/i2c.o
FLAG_comp                                         build/main.o
FLAG_half                                         build/main.o
FLASH_IRQHandler                                  build/startup_stm32f303xc.o
FLASH_PageErase                                   build/stm32f3xx_hal_flash_ex.o
                                                  build/stm32f3xx_hal_flash.o
FLASH_WaitForLastOperation                        build/stm32f3xx_hal_flash.o
                                                  build/stm32f3xx_hal_flash_ex.o
FPU_IRQHandler                                    build/startup_stm32f303xc.o
FS_Desc                                           build/usbd_desc.o
                                                  build/usb_device.o
FlashLED                                          build/led.o
HAL_DBGMCU_DisableDBGSleepMode                    build/stm32f3xx_hal.o
HAL_DBGMCU_DisableDBGStandbyMode                  build/stm32f3xx_hal.o
HAL_DBGMCU_DisableDBGStopMode                     build/stm32f3xx_hal.o
HAL_DBGMCU_EnableDBGSleepMode                     build/stm32f3xx_hal.o
HAL_DBGMCU_EnableDBGStandbyMode                   build/stm32f3xx_hal.o
HAL_DBGMCU_EnableDBGStopMode                      build/stm32f3xx_hal.o
HAL_DMA_Abort                                     build/stm32f3xx_hal_dma.o
                                                  build/stm32f3xx_hal_uart.o
                                                  build/stm32f3xx_hal_tim.o
                                                  build/stm32f3xx_hal_spi.o
                                                  build/stm32f3xx_hal_i2s_ex.o
                                                  build/stm32f3xx_hal_i2s.o
HAL_DMA_Abort_IT                                  build/stm32f3xx_hal_dma.o
                                                  build/stm32f3xx_hal_uart.o
                                                  build/stm32f3xx_hal_spi.o
                                                  build/stm32f3xx_hal_i2c.o
HAL_DMA_DeInit                                    build/stm32f3xx_hal_dma.o
                                                  build/i2s.o
HAL_DMA_GetError                                  build/stm32f3xx_hal_dma.o
HAL_DMA_GetState                                  build/stm32f3xx_hal_dma.o
HAL_DMA_IRQHandler                                build/stm32f3xx_hal_dma.o
                                                  build/stm32f3xx_it.o
HAL_DMA_Init                                      build/stm32f3xx_hal_dma.o
                                                  build/i2s.o
HAL_DMA_PollForTransfer                           build/stm32f3xx_hal_dma.o
HAL_DMA_RegisterCallback                          build/stm32f3xx_hal_dma.o
HAL_DMA_Start                                     build/stm32f3xx_hal_dma.o
HAL_DMA_Start_IT                                  build/stm32f3xx_hal_dma.o
                                                  build/stm32f3xx_hal_uart.o
                                                  build/stm32f3xx_hal_tim_ex.o
                                                  build/stm32f3xx_hal_tim.o
                                                  build/stm32f3xx_hal_spi.o
                                                  build/stm32f3xx_hal_i2s_ex.o
                                                  build/stm32f3xx_hal_i2s.o
                                                  build/stm32f3xx_hal_i2c.o
HAL_DMA_UnRegisterCallback                        build/stm32f3xx_hal_dma.o
HAL_DeInit                                        build/stm32f3xx_hal.o
HAL_Delay                                         build/stm32f3xx_hal.o
                                                  build/buzzer.o
                                                  build/led.o
                                                  build/lcd.o
                                                  build/usbd_conf.o
HAL_FLASHEx_Erase                                 build/stm32f3xx_hal_flash_ex.o
HAL_FLASHEx_Erase_IT                              build/stm32f3xx_hal_flash_ex.o
HAL_FLASHEx_OBErase                               build/stm32f3xx_hal_flash_ex.o
HAL_FLASHEx_OBGetConfig                           build/stm32f3xx_hal_flash_ex.o
HAL_FLASHEx_OBGetUserData                         build/stm32f3xx_hal_flash_ex.o
HAL_FLASHEx_OBProgram                             build/stm32f3xx_hal_flash_ex.o
HAL_FLASH_EndOfOperationCallback                  build/stm32f3xx_hal_flash.o
HAL_FLASH_GetError                                build/stm32f3xx_hal_flash.o
HAL_FLASH_IRQHandler                              build/stm32f3xx_hal_flash.o
HAL_FLASH_Lock                                    build/stm32f3xx_hal_flash.o
HAL_FLASH_OB_Launch                               build/stm32f3xx_hal_flash.o
HAL_FLASH_OB_Lock                                 build/stm32f3xx_hal_flash.o
HAL_FLASH_OB_Unlock                               build/stm32f3xx_hal_flash.o
HAL_FLASH_OperationErrorCallback                  build/stm32f3xx_hal_flash.o
HAL_FLASH_Program                                 build/stm32f3xx_hal_flash.o
HAL_FLASH_Program_IT                              build/stm32f3xx_hal_flash.o
HAL_FLASH_Unlock                                  build/stm32f3xx_hal_flash.o
HAL_GPIO_DeInit                                   build/stm32f3xx_hal_gpio.o
                                                  build/usbd_conf.o
                                                  build/usart.o
                                                  build/spi.o
                                                  build/i2s.o
                                                  build/i2c.o
HAL_GPIO_EXTI_Callback                            build/stm32f3xx_hal_gpio.o
HAL_GPIO_EXTI_IRQHandler                          build/stm32f3xx_hal_gpio.o
HAL_GPIO_Init                                     build/stm32f3xx_hal_gpio.o
                                                  build/stm32f3xx_hal_rcc.o
                                                  build/usbd_conf.o
                                                  build/usart.o
                                                  build/spi.o
                                                  build/i2s.o
                                                  build/i2c.o
                                                  build/gpio.o
HAL_GPIO_LockPin                                  build/stm32f3xx_hal_gpio.o
HAL_GPIO_ReadPin                                  build/stm32f3xx_hal_gpio.o
                                                  build/stm32f3xx_it.o
                                                  build/main.o
HAL_GPIO_TogglePin                                build/stm32f3xx_hal_gpio.o
                                                  build/led.o
HAL_GPIO_WritePin                                 build/stm32f3xx_hal_gpio.o
                                                  build/buzzer.o
                                                  build/led.o
                                                  build/lcd.o
                                                  build/gpio.o
                                                  build/main.o
HAL_GetDEVID                                      build/stm32f3xx_hal.o
HAL_GetHalVersion                                 build/stm32f3xx_hal.o
HAL_GetREVID                                      build/stm32f3xx_hal.o
HAL_GetTick                                       build/stm32f3xx_hal.o
                                                  build/stm32f3xx_hal_flash.o
                                                  build/stm32f3xx_hal_dma.o
                                                  build/stm32f3xx_hal_rcc_ex.o
                                                  build/stm32f3xx_hal_rcc.o
                                                  build/stm32f3xx_hal_uart_ex.o
                                                  build/stm32f3xx_hal_uart.o
                                                  build/stm32f3xx_hal_spi.o
                                                  build/stm32f3xx_hal_i2s_ex.o
                                                  build/stm32f3xx_hal_i2s.o
                                                  build/stm32f3xx_hal_i2c.o
HAL_GetTickFreq                                   build/stm32f3xx_hal.o
HAL_GetTickPrio                                   build/stm32f3xx_hal.o
HAL_GetUIDw0                                      build/stm32f3xx_hal.o
HAL_GetUIDw1                                      build/stm32f3xx_hal.o
HAL_GetUIDw2                                      build/stm32f3xx_hal.o
HAL_HalfDuplex_EnableReceiver                     build/stm32f3xx_hal_uart.o
HAL_HalfDuplex_EnableTransmitter                  build/stm32f3xx_hal_uart.o
HAL_HalfDuplex_Init                               build/stm32f3xx_hal_uart.o
HAL_I2CEx_ConfigAnalogFilter                      build/stm32f3xx_hal_i2c_ex.o
                                                  build/i2c.o
HAL_I2CEx_ConfigDigitalFilter                     build/stm32f3xx_hal_i2c_ex.o
                                                  build/i2c.o
HAL_I2CEx_DisableFastModePlus                     build/stm32f3xx_hal_i2c_ex.o
HAL_I2CEx_DisableWakeUp                           build/stm32f3xx_hal_i2c_ex.o
HAL_I2CEx_EnableFastModePlus                      build/stm32f3xx_hal_i2c_ex.o
HAL_I2CEx_EnableWakeUp                            build/stm32f3xx_hal_i2c_ex.o
HAL_I2C_AbortCpltCallback                         build/stm32f3xx_hal_i2c.o
HAL_I2C_AddrCallback                              build/stm32f3xx_hal_i2c.o
HAL_I2C_DeInit                                    build/stm32f3xx_hal_i2c.o
HAL_I2C_DisableListen_IT                          build/stm32f3xx_hal_i2c.o
HAL_I2C_ER_IRQHandler                             build/stm32f3xx_hal_i2c.o
HAL_I2C_EV_IRQHandler                             build/stm32f3xx_hal_i2c.o
HAL_I2C_EnableListen_IT                           build/stm32f3xx_hal_i2c.o
HAL_I2C_ErrorCallback                             build/stm32f3xx_hal_i2c.o
HAL_I2C_GetError                                  build/stm32f3xx_hal_i2c.o
HAL_I2C_GetMode                                   build/stm32f3xx_hal_i2c.o
HAL_I2C_GetState                                  build/stm32f3xx_hal_i2c.o
HAL_I2C_Init                                      build/stm32f3xx_hal_i2c.o
                                                  build/i2c.o
HAL_I2C_IsDeviceReady                             build/stm32f3xx_hal_i2c.o
HAL_I2C_ListenCpltCallback                        build/stm32f3xx_hal_i2c.o
HAL_I2C_MasterRxCpltCallback                      build/stm32f3xx_hal_i2c.o
HAL_I2C_MasterTxCpltCallback                      build/stm32f3xx_hal_i2c.o
HAL_I2C_Master_Abort_IT                           build/stm32f3xx_hal_i2c.o
HAL_I2C_Master_Receive                            build/stm32f3xx_hal_i2c.o
HAL_I2C_Master_Receive_DMA                        build/stm32f3xx_hal_i2c.o
HAL_I2C_Master_Receive_IT                         build/stm32f3xx_hal_i2c.o
HAL_I2C_Master_Sequential_Receive_IT              build/stm32f3xx_hal_i2c.o
HAL_I2C_Master_Sequential_Transmit_IT             build/stm32f3xx_hal_i2c.o
HAL_I2C_Master_Transmit                           build/stm32f3xx_hal_i2c.o
HAL_I2C_Master_Transmit_DMA                       build/stm32f3xx_hal_i2c.o
HAL_I2C_Master_Transmit_IT                        build/stm32f3xx_hal_i2c.o
HAL_I2C_MemRxCpltCallback                         build/stm32f3xx_hal_i2c.o
HAL_I2C_MemTxCpltCallback                         build/stm32f3xx_hal_i2c.o
HAL_I2C_Mem_Read                                  build/stm32f3xx_hal_i2c.o
HAL_I2C_Mem_Read_DMA                              build/stm32f3xx_hal_i2c.o
HAL_I2C_Mem_Read_IT                               build/stm32f3xx_hal_i2c.o
HAL_I2C_Mem_Write                                 build/stm32f3xx_hal_i2c.o
HAL_I2C_Mem_Write_DMA                             build/stm32f3xx_hal_i2c.o
HAL_I2C_Mem_Write_IT                              build/stm32f3xx_hal_i2c.o
HAL_I2C_MspDeInit                                 build/i2c.o
HAL_I2C_MspInit                                   build/i2c.o
HAL_I2C_SlaveRxCpltCallback                       build/stm32f3xx_hal_i2c.o
HAL_I2C_SlaveTxCpltCallback                       build/stm32f3xx_hal_i2c.o
HAL_I2C_Slave_Receive                             build/stm32f3xx_hal_i2c.o
HAL_I2C_Slave_Receive_DMA                         build/stm32f3xx_hal_i2c.o
HAL_I2C_Slave_Receive_IT                          build/stm32f3xx_hal_i2c.o
HAL_I2C_Slave_Sequential_Receive_IT               build/stm32f3xx_hal_i2c.o
HAL_I2C_Slave_Sequential_Transmit_IT              build/stm32f3xx_hal_i2c.o
HAL_I2C_Slave_Transmit                            build/stm32f3xx_hal_i2c.o
HAL_I2C_Slave_Transmit_DMA                        build/stm32f3xx_hal_i2c.o
HAL_I2C_Slave_Transmit_IT                         build/stm32f3xx_hal_i2c.o
HAL_I2SEx_TransmitReceive                         build/stm32f3xx_hal_i2s_ex.o
HAL_I2SEx_TransmitReceive_DMA                     build/stm32f3xx_hal_i2s_ex.o